Component: ARM Compiler 5.06 update 6 (build 750) Tool: armlink [4d35ed]

==============================================================================

Section Cross References

    app.o(i.Adc0Seq3TASK) refers to app.o(i.ADC_Initialize) for ADC_Initialize
    app.o(i.Adc0Seq3TASK) refers to app.o(i.ADC_ReadData) for ADC_ReadData
    app.o(i.Adc0Seq3TASK) refers to os_core.o(i.OSSchedRoundRobinYield) for OSSchedRoundRobinYield
    app.o(i.Adc0Seq3TASK) refers to app.o(.data) for PllInput
    app.o(i.AppTaskStartTASK) refers to os_task.o(i.OSTaskCreate) for OSTaskCreate
    app.o(i.AppTaskStartTASK) refers to os_core.o(i.OSSchedRoundRobinYield) for OSSchedRoundRobinYield
    app.o(i.AppTaskStartTASK) refers to app.o(.data) for os_err
    app.o(i.AppTaskStartTASK) refers to app.o(.bss) for Adc0Seq3STK
    app.o(i.AppTaskStartTASK) refers to app.o(i.Adc0Seq3TASK) for Adc0Seq3TASK
    app.o(i.AppTaskStartTASK) refers to app.o(i.PWMDutySetTASK) for PWMDutySetTASK
    app.o(i.AppTaskStartTASK) refers to app.o(i.InverterPllTASK) for InverterPllTASK
    app.o(i.AppTaskStartTASK) refers to app.o(i.DCConverterMpptTASK) for DCConverterMpptTASK
    app.o(i.DCConverterMpptTASK) refers to os_core.o(i.OSSchedRoundRobinYield) for OSSchedRoundRobinYield
    app.o(i.DCConverterMpptTASK) refers to app.o(.data) for os_err
    app.o(i.InverterPllTASK) refers to app.o(i.ZeroCrossDetector) for ZeroCrossDetector
    app.o(i.InverterPllTASK) refers to dfixu.o(x$fpl$dfixu) for __aeabi_d2uiz
    app.o(i.InverterPllTASK) refers to app.o(i.LowPassFilter) for LowPassFilter
    app.o(i.InverterPllTASK) refers to f2d.o(x$fpl$f2d) for __aeabi_f2d
    app.o(i.InverterPllTASK) refers to dmul.o(x$fpl$dmul) for __aeabi_dmul
    app.o(i.InverterPllTASK) refers to ddiv.o(x$fpl$ddiv) for __aeabi_ddiv
    app.o(i.InverterPllTASK) refers to daddsub_clz.o(x$fpl$dadd) for __aeabi_dadd
    app.o(i.InverterPllTASK) refers to daddsub_clz.o(x$fpl$dsub) for __aeabi_dsub
    app.o(i.InverterPllTASK) refers to daddsub_clz.o(x$fpl$drsb) for __aeabi_drsub
    app.o(i.InverterPllTASK) refers to os_core.o(i.OSSchedRoundRobinYield) for OSSchedRoundRobinYield
    app.o(i.InverterPllTASK) refers to app.o(.data) for PllInput
    app.o(i.LowPassFilter) refers to f2d.o(x$fpl$f2d) for __aeabi_f2d
    app.o(i.LowPassFilter) refers to dmul.o(x$fpl$dmul) for __aeabi_dmul
    app.o(i.LowPassFilter) refers to daddsub_clz.o(x$fpl$dadd) for __aeabi_dadd
    app.o(i.LowPassFilter) refers to d2f.o(x$fpl$d2f) for __aeabi_d2f
    app.o(i.PWMDutySetTASK) refers to drleqf.o(x$fpl$drleqf) for __aeabi_cdrcmple
    app.o(i.PWMDutySetTASK) refers to dflt_clz.o(x$fpl$dfltu) for __aeabi_ui2d
    app.o(i.PWMDutySetTASK) refers to dmul.o(x$fpl$dmul) for __aeabi_dmul
    app.o(i.PWMDutySetTASK) refers to daddsub_clz.o(x$fpl$dsub) for __aeabi_dsub
    app.o(i.PWMDutySetTASK) refers to dfixu.o(x$fpl$dfixu) for __aeabi_d2uiz
    app.o(i.PWMDutySetTASK) refers to dleqf.o(x$fpl$dleqf) for __aeabi_cdcmple
    app.o(i.PWMDutySetTASK) refers to daddsub_clz.o(x$fpl$dadd) for __aeabi_dadd
    app.o(i.PWMDutySetTASK) refers to os_core.o(i.OSSchedRoundRobinYield) for OSSchedRoundRobinYield
    app.o(i.PWMDutySetTASK) refers to app.o(.data) for PLLOutput
    app.o(i.main) refers to app.o(i.PWM_Initialize) for PWM_Initialize
    app.o(i.main) refers to os_core.o(i.OSInit) for OSInit
    app.o(i.main) refers to os_core.o(i.OSSchedRoundRobinCfg) for OSSchedRoundRobinCfg
    app.o(i.main) refers to os_task.o(i.OSTaskCreate) for OSTaskCreate
    app.o(i.main) refers to os_core.o(i.OSStart) for OSStart
    app.o(i.main) refers to app.o(.data) for os_err
    app.o(i.main) refers to app.o(.bss) for AppTaskStartSTK
    app.o(i.main) refers to app.o(i.AppTaskStartTASK) for AppTaskStartTASK
    cortex_m_port.o(CODE) refers to os_cpu_a.o(CODE) for OS_CPU_PendSVHandler
    cortex_m_port.o(CODE) refers to os_cpu_c.o(i.OS_CPU_SysTickHandler) for OS_CPU_SysTickHandler
    startup_tm4c123.o(STACK) refers (Special) to heapauxi.o(.text) for __use_two_region_memory
    startup_tm4c123.o(HEAP) refers (Special) to heapauxi.o(.text) for __use_two_region_memory
    startup_tm4c123.o(RESET) refers (Special) to heapauxi.o(.text) for __use_two_region_memory
    startup_tm4c123.o(RESET) refers to startup_tm4c123.o(STACK) for __initial_sp
    startup_tm4c123.o(RESET) refers to startup_tm4c123.o(.text) for Reset_Handler
    startup_tm4c123.o(RESET) refers to cortex_m_port.o(CODE) for PendSV_Handler
    startup_tm4c123.o(.text) refers (Special) to heapauxi.o(.text) for __use_two_region_memory
    startup_tm4c123.o(.text) refers to system_tm4c123.o(i.SystemInit) for SystemInit
    startup_tm4c123.o(.text) refers to __main.o(!!!main) for __main
    startup_tm4c123.o(.text) refers to startup_tm4c123.o(HEAP) for Heap_Mem
    startup_tm4c123.o(.text) refers to startup_tm4c123.o(STACK) for Stack_Mem
    system_tm4c123.o(i.SystemCoreClockUpdate) refers to system_tm4c123.o(i.getOscClk) for getOscClk
[...]
    i.OSTaskStkInit                          0x0000191c   Section        0  os_cpu_c.o(i.OSTaskStkInit)
    i.OSTaskSwHook                           0x00001be0   Section        0  os_cpu_c.o(i.OSTaskSwHook)
    i.OSTimeDly                              0x00001c70   Section        0  os_time.o(i.OSTimeDly)
    i.OSTimeTick                             0x00001d10   Section        0  os_time.o(i.OSTimeTick)
    i.OSTimeTickHook                         0x00001d80   Section        0  os_cpu_c.o(i.OSTimeTickHook)
    i.OS_CPU_SysTickHandler                  0x00001d94   Section        0  os_cpu_c.o(i.OS_CPU_SysTickHandler)
    i.OS_Dbg_Init                            0x00001dcc   Section        0  os_dbg.o(i.OS_Dbg_Init)
    i.OS_IdleTask                            0x00001f74   Section        0  os_core.o(i.OS_IdleTask)
    i.OS_IdleTaskInit                        0x00001fb8   Section        0  os_core.o(i.OS_IdleTaskInit)
    i.OS_MemInit                             0x00002028   Section        0  os_mem.o(i.OS_MemInit)
    i.OS_MsgPoolInit                         0x00002040   Section        0  os_msg.o(i.OS_MsgPoolInit)
    i.OS_MsgQInit                            0x00002098   Section        0  os_msg.o(i.OS_MsgQInit)
    i.OS_MutexDbgListAdd                     0x000020a8   Section        0  os_mutex.o(i.OS_MutexDbgListAdd)
    i.OS_MutexGrpAdd                         0x000020d8   Section        0  os_mutex.o(i.OS_MutexGrpAdd)
    i.OS_MutexGrpPrioFindHighest             0x000020e0   Section        0  os_mutex.o(i.OS_MutexGrpPrioFindHighest)
    i.OS_MutexGrpRemove                      0x0000210c   Section        0  os_mutex.o(i.OS_MutexGrpRemove)
    i.OS_Pend                                0x00002128   Section        0  os_core.o(i.OS_Pend)
    i.OS_PendDataInit                        0x00002188   Section        0  os_core.o(i.OS_PendDataInit)
    i.OS_PendDbgNameAdd                      0x0000219c   Section        0  os_core.o(i.OS_PendDbgNameAdd)
    i.OS_PendDbgNameRemove                   0x000021f8   Section        0  os_core.o(i.OS_PendDbgNameRemove)
    i.OS_PendListChangePrio                  0x0000221c   Section        0  os_core.o(i.OS_PendListChangePrio)
    i.OS_PendListInit                        0x00002254   Section        0  os_core.o(i.OS_PendListInit)
    i.OS_PendListInsertPrio                  0x0000225e   Section        0  os_core.o(i.OS_PendListInsertPrio)
    i.OS_PendListRemove                      0x000022c4   Section        0  os_core.o(i.OS_PendListRemove)
    i.OS_PendListRemove1                     0x000022f6   Section        0  os_core.o(i.OS_PendListRemove1)
    i.OS_Post                                0x00002338   Section        0  os_core.o(i.OS_Post)
    i.OS_PrioGetHighest                      0x000023dc   Section        0  os_prio.o(i.OS_PrioGetHighest)
    i.OS_PrioInit                            0x000023f4   Section        0  os_prio.o(i.OS_PrioInit)
    i.OS_PrioInsert                          0x0000240c   Section        0  os_prio.o(i.OS_PrioInsert)
    i.OS_PrioRemove                          0x00002430   Section        0  os_prio.o(i.OS_PrioRemove)
    i.OS_RdyListInit                         0x00002454   Section        0  os_core.o(i.OS_RdyListInit)
    i.OS_RdyListInsert                       0x00002478   Section        0  os_core.o(i.OS_RdyListInsert)
    i.OS_RdyListInsertHead                   0x000024a4   Section        0  os_core.o(i.OS_RdyListInsertHead)
    i.OS_RdyListInsertTail                   0x000024e4   Section        0  os_core.o(i.OS_RdyListInsertTail)
    i.OS_RdyListMoveHeadToTail               0x00002520   Section        0  os_core.o(i.OS_RdyListMoveHeadToTail)
    i.OS_RdyListRemove                       0x00002560   Section        0  os_core.o(i.OS_RdyListRemove)
    i.OS_SchedRoundRobin                     0x000025bc   Section        0  os_core.o(i.OS_SchedRoundRobin)
    i.OS_StatTask                            0x0000268c   Section        0  os_stat.o(i.OS_StatTask)
    i.OS_StatTaskInit                        0x0000294c   Section        0  os_stat.o(i.OS_StatTaskInit)
    i.OS_TaskBlock                           0x00002a18   Section        0  os_core.o(i.OS_TaskBlock)
    i.OS_TaskChangePrio                      0x00002a44   Section        0  os_task.o(i.OS_TaskChangePrio)
    i.OS_TaskDbgListAdd                      0x00002b30   Section        0  os_task.o(i.OS_TaskDbgListAdd)
    i.OS_TaskInit                            0x00002b60   Section        0  os_task.o(i.OS_TaskInit)
    i.OS_TaskInitTCB                         0x00002b80   Section        0  os_task.o(i.OS_TaskInitTCB)
    i.OS_TaskReturn                          0x00002c34   Section        0  os_task.o(i.OS_TaskReturn)
    i.OS_TaskSemPost                         0x00002c58   Section        0  os_task.o(i.OS_TaskSemPost)
    i.OS_TickListInsert                      0x00002e1c   Section        0  os_tick.o(i.OS_TickListInsert)
    i.OS_TickListInsertDly                   0x00002ea4   Section        0  os_tick.o(i.OS_TickListInsertDly)
    i.OS_TickListRemove                      0x00002f4c   Section        0  os_tick.o(i.OS_TickListRemove)
    i.OS_TickListUpdateDly                   0x00002fa4   Section        0  os_tick.o(i.OS_TickListUpdateDly)
    OS_TickListUpdateDly                     0x00002fa5   Thumb Code   142  os_tick.o(i.OS_TickListUpdateDly)
    i.OS_TickListUpdateTimeout               0x00003038   Section        0  os_tick.o(i.OS_TickListUpdateTimeout)
    OS_TickListUpdateTimeout                 0x00003039   Thumb Code   260  os_tick.o(i.OS_TickListUpdateTimeout)
    i.OS_TickTask                            0x00003140   Section        0  os_tick.o(i.OS_TickTask)
    i.OS_TickTaskInit                        0x00003194   Section        0  os_tick.o(i.OS_TickTaskInit)
    i.OS_TmrInit                             0x0000325c   Section        0  os_tmr.o(i.OS_TmrInit)
    i.OS_TmrLock                             0x00003388   Section        0  os_tmr.o(i.OS_TmrLock)
    OS_TmrLock                               0x00003389   Thumb Code    20  os_tmr.o(i.OS_TmrLock)
    i.OS_TmrTask                             0x000033a0   Section        0  os_tmr.o(i.OS_TmrTask)
    i.OS_TmrUnlink                           0x00003414   Section        0  os_tmr.o(i.OS_TmrUnlink)
    i.OS_TmrUnlock                           0x00003458   Section        0  os_tmr.o(i.OS_TmrUnlock)
    OS_TmrUnlock                             0x00003459   Thumb Code    14  os_tmr.o(i.OS_TmrUnlock)
    i.PWMDutySetTASK                         0x0000346c   Section        0  app.o(i.PWMDutySetTASK)
    i.PWM_Initialize                         0x00003594   Section        0  app.o(i.PWM_Initialize)
    i.SystemInit                             0x000036dc   Section        0  system_tm4c123.o(i.SystemInit)
    i.ZeroCrossDetector                      0x00003774   Section        0  app.o(i.ZeroCrossDetector)
    i.main                                   0x00003788   Section        0  app.o(i.main)
    x$fpl$d2f                                0x000037fc   Section       98  d2f.o(x$fpl$d2f)
    $v0                                      0x000037fc   Number         0  d2f.o(x$fpl$d2f)
    x$fpl$dadd                               0x00003860   Section      336  daddsub_clz.o(x$fpl$dadd)
    $v0                                      0x00003860   Number         0  daddsub_clz.o(x$fpl$dadd)
    _dadd1                                   0x00003871   Thumb Code     0  daddsub_clz.o(x$fpl$dadd)
    x$fpl$dcmpinf                            0x000039b0   Section       24  dcmpi.o(x$fpl$dcmpinf)
    $v0                                      0x000039b0   Number         0  dcmpi.o(x$fpl$dcmpinf)
    x$fpl$ddiv                               0x000039c8   Section      688  ddiv.o(x$fpl$ddiv)
    $v0                                      0x000039c8   Number         0  ddiv.o(x$fpl$ddiv)
    ddiv_entry                               0x000039cf   Thumb Code     0  ddiv.o(x$fpl$ddiv)
    x$fpl$dfixu                              0x00003c78   Section       90  dfixu.o(x$fpl$dfixu)
    $v0                                      0x00003c78   Number         0  dfixu.o(x$fpl$dfixu)
    x$fpl$dfltu                              0x00003cd2   Section       38  dflt_clz.o(x$fpl$dfltu)
    $v0                                      0x00003cd2   Number         0  dflt_clz.o(x$fpl$dfltu)
    x$fpl$dleqf                              0x00003cf8   Section      120  dleqf.o(x$fpl$dleqf)
    $v0                                      0x00003cf8   Number         0  dleqf.o(x$fpl$dleqf)
    x$fpl$dmul                               0x00003d70   Section      340  dmul.o(x$fpl$dmul)
    $v0                                      0x00003d70   Number         0  dmul.o(x$fpl$dmul)
    x$fpl$dnaninf                            0x00003ec4   Section      156  dnaninf.o(x$fpl$dnaninf)
    $v0                                      0x00003ec4   Number         0  dnaninf.o(x$fpl$dnaninf)
    x$fpl$dretinf                            0x00003f60   Section       12  dretinf.o(x$fpl$dretinf)
    $v0                                      0x00003f60   Number         0  dretinf.o(x$fpl$dretinf)
    x$fpl$drleqf                             0x00003f6c   Section      108  drleqf.o(x$fpl$drleqf)
    $v0                                      0x00003f6c   Number         0  drleqf.o(x$fpl$drleqf)
    x$fpl$drsb                               0x00003fd8   Section       22  daddsub_clz.o(x$fpl$drsb)
    $v0                                      0x00003fd8   Number         0  daddsub_clz.o(x$fpl$drsb)
    x$fpl$dsub                               0x00003ff0   Section      468  daddsub_clz.o(x$fpl$dsub)
    $v0                                      0x00003ff0   Number         0  daddsub_clz.o(x$fpl$dsub)
    _dsub1                                   0x00004001   Thumb Code     0  daddsub_clz.o(x$fpl$dsub)
    x$fpl$f2d                                0x000041c4   Section       86  f2d.o(x$fpl$f2d)
    $v0                                      0x000041c4   Number         0  f2d.o(x$fpl$f2d)
    x$fpl$fnaninf                            0x0000421a   Section      140  fnaninf.o(x$fpl$fnaninf)
    $v0                                      0x0000421a   Number         0  fnaninf.o(x$fpl$fnaninf)
    x$fpl$fpinit                             0x000042a6   Section       10  fpinit.o(x$fpl$fpinit)
    $v0                                      0x000042a6   Number         0  fpinit.o(x$fpl$fpinit)
    x$fpl$fretinf                            0x000042b0   Section       10  fretinf.o(x$fpl$fretinf)
    $v0                                      0x000042b0   Number         0  fretinf.o(x$fpl$fretinf)
    x$fpl$usenofp                            0x000042ba   Section        0  usenofp.o(x$fpl$usenofp)
    .constdata                               0x000042bc   Section      148  os_cfg_app.o(.constdata)
    .constdata                               0x00004350   Section      352  os_dbg.o(.constdata)
    .data                                    0x20000000   Section      148  app.o(.data)
    .data                                    0x20000094   Section        4  os_cpu_c.o(.data)
    .data                                    0x20000098   Section        4  os_prio.o(.data)
    .data                                    0x2000009c   Section      172  os_var.o(.data)
    .bss                                     0x20000148   Section     3520  app.o(.bss)
    .bss                                     0x20000f08   Section    10416  os_cfg_app.o(.bss)
    .bss                                     0x200037b8   Section     1208  os_var.o(.bss)
    .bss                                     0x20003c70   Section       96  libspace.o(.bss)
    HEAP                                     0x20003cd0   Section        0  startup_tm4c123.o(HEAP)
    STACK                                    0x20003cd0   Section      512  startup_tm4c123.o(STACK)
    Heap_Mem                                 0x20003cd0   Data           0  startup_tm4c123.o(HEAP)
    Stack_Mem                                0x20003cd0   Data         512  startup_tm4c123.o(STACK)
    __initial_sp                             0x20003ed0   Data           0  startup_tm4c123.o(STACK)

    Global Symbols

    Symbol Name                              Value     Ov Type        Size  Object(Section)

    BuildAttributes$$THM_ISAv4$E$P$D$K$B$S$7EM$VFPi3$EXTD16$VFPS$VFMA$PE$A:L22UL41UL21$X:L11$S22US41US21$IEEE1$IW$USESV6$~STKCKD$USESV7$~SHL$OSPACE$ROPI$EBA8$UX$STANDARDLIB$REQ8$PRES8$EABIv2 0x00000000   Number         0  anon$$obj.o ABSOLUTE
    __ARM_use_no_argv                        0x00000000   Number         0  app.o ABSOLUTE
    __Vectors                                0x00000000   Data           4  startup_tm4c123.o(RESET)
    __ARM_exceptions_init                     - Undefined Weak Reference
    __alloca_initialize                       - Undefined Weak Reference
    __arm_preinit_                            - Undefined Weak Reference
    __cpp_initialize__aeabi_                  - Undefined Weak Reference
    __cxa_finalize                            - Undefined Weak Reference
    __rt_locale                               - Undefined Weak Reference
    __sigvec_lookup                           - Undefined Weak Reference
    _atexit_init                              - Undefined Weak Reference
    _call_atexit_fns                          - Undefined Weak Reference
    _clock_init                               - Undefined Weak Reference
    _fp_trap_init                             - Undefined Weak Reference
    _fp_trap_shutdown                         - Undefined Weak Reference
    _get_lc_collate                           - Undefined Weak Reference
    _get_lc_ctype                             - Undefined Weak Reference
    _get_lc_monetary                          - Undefined Weak Reference
    _get_lc_numeric                           - Undefined Weak Reference
    _get_lc_time                              - Undefined Weak Reference
    _getenv_init                              - Undefined Weak Reference
    _handle_redirection                       - Undefined Weak Reference
    _init_alloc                               - Undefined Weak Reference
    _init_user_alloc                          - Undefined Weak Reference
    _initio                                   - Undefined Weak Reference
    _rand_init                                - Undefined Weak Reference
    _signal_finish                            - Undefined Weak Reference
    _signal_init                              - Undefined Weak Reference
    _terminate_alloc                          - Undefined Weak Reference
    _terminate_user_alloc                     - Undefined Weak Reference
    _terminateio                              - Undefined Weak Reference
    __Vectors_End                            0x0000026c   Data           0  startup_tm4c123.o(RESET)
    __Vectors_Size                           0x0000026c   Number         0  startup_tm4c123.o ABSOLUTE
    __main                                   0x0000026d   Thumb Code     8  __main.o(!!!main)
    __scatterload                            0x00000275   Thumb Code     0  __scatter.o(!!!scatter)
    __scatterload_rt2                        0x00000275   Thumb Code    44  __scatter.o(!!!scatter)
    __scatterload_rt2_thumb_only             0x00000275   Thumb Code     0  __scatter.o(!!!scatter)
    __scatterload_null                       0x00000283   Thumb Code     0  __scatter.o(!!!scatter)
    __decompress                             0x000002a9   Thumb Code    58  __dczerorl.o(!!dczerorl)
    __decompress0                            0x000002a9   Thumb Code     0  __dczerorl.o(!!dczerorl)
    __scatterload_zeroinit                   0x000002e5   Thumb Code    28  __scatter_zi.o(!!handler_zi)
    __rt_lib_init                            0x00000301   Thumb Code     0  libinit.o(.ARM.Collect$$libinit$$00000000)
    __rt_lib_init_fp_1                       0x00000303   Thumb Code     0  libinit2.o(.ARM.Collect$$libinit$$00000001)
    __rt_lib_init_alloca_1                   0x00000307   Thumb Code     0  libinit2.o(.ARM.Collect$$libinit$$0000002E)
    __rt_lib_init_argv_1                     0x00000307   Thumb Code     0  libinit2.o(.ARM.Collect$$libinit$$0000002C)
    __rt_lib_init_atexit_1                   0x00000307   Thumb Code     0  libinit2.o(.ARM.Collect$$libinit$$0000001B)
    __rt_lib_init_clock_1                    0x00000307   Thumb Code     0  libinit2.o(.ARM.Collect$$libinit$$00000021)
    __rt_lib_init_cpp_1                      0x00000307   Thumb Code     0  libinit2.o(.ARM.Collect$$libinit$$00000032)
    __rt_lib_init_exceptions_1               0x00000307   Thumb Code     0  libinit2.o(.ARM.Collect$$libinit$$00000030)
    __rt_lib_init_fp_trap_1                  0x00000307   Thumb Code     0  libinit2.o(.ARM.Collect$$libinit$$0000001F)
    __rt_lib_init_getenv_1                   0x00000307   Thumb Code     0  libinit2.o(.ARM.Collect$$libinit$$00000023)
    __rt_lib_init_heap_1                     0x00000307   Thumb Code     0  libinit2.o(.ARM.Collect$$libinit$$0000000A)
    __rt_lib_init_lc_collate_1               0x00000307   Thumb Code     0  libinit2.o(.ARM.Collect$$libinit$$00000011)
    __rt_lib_init_lc_ctype_1                 0x00000307   Thumb Code     0  libinit2.o(.ARM.Collect$$libinit$$00000013)
    __rt_lib_init_lc_monetary_1              0x00000307   Thumb Code     0  libinit2.o(.ARM.Collect$$libinit$$00000015)
    __rt_lib_init_lc_numeric_1               0x00000307   Thumb Code     0  libinit2.o(.ARM.Collect$$libinit$$00000017)
    __rt_lib_init_lc_time_1                  0x00000307   Thumb Code     0  libinit2.o(.ARM.Collect$$libinit$$00000019)
    __rt_lib_init_preinit_1                  0x00000307   Thumb Code     0  libinit2.o(.ARM.Collect$$libinit$$00000004)
    __rt_lib_init_rand_1                     0x00000307   Thumb Code     0  libinit2.o(.ARM.Collect$$libinit$$0000000E)
    __rt_lib_init_return                     0x00000307   Thumb Code     0  libinit2.o(.ARM.Collect$$libinit$$00000033)
    __rt_lib_init_signal_1                   0x00000307   Thumb Code     0  libinit2.o(.ARM.Collect$$libinit$$0000001D)
    __rt_lib_init_stdio_1                    0x00000307   Thumb Code     0  libinit2.o(.ARM.Collect$$libinit$$00000025)
    __rt_lib_init_user_alloc_1               0x00000307   Thumb Code     0  libinit2.o(.ARM.Collect$$libinit$$0000000C)
    __rt_lib_shutdown                        0x00000309   Thumb Code     0  libshutdown.o(.ARM.Collect$$libshutdown$$00000000)
    __rt_lib_shutdown_cpp_1                  0x0000030b   Thumb Code     0  libshutdown2.o(.ARM.Collect$$libshutdown$$00000002)
    __rt_lib_shutdown_fp_trap_1              0x0000030b   Thumb Code     0  libshutdown2.o(.ARM.Collect$$libshutdown$$00000007)
    __rt_lib_shutdown_heap_1                 0x0000030b   Thumb Code     0  libshutdown2.o(.ARM.Collect$$libshutdown$$0000000F)
    __rt_lib_shutdown_return                 0x0000030b   Thumb Code     0  libshutdown2.o(.ARM.Collect$$libshutdown$$00000010)
    __rt_lib_shutdown_signal_1               0x0000030b   Thumb Code     0  libshutdown2.o(.ARM.Collect$$libshutdown$$0000000A)
    __rt_lib_shutdown_stdio_1                0x0000030b   Thumb Code     0  libshutdown2.o(.ARM.Collect$$libshutdown$$00000004)
    __rt_lib_shutdown_user_alloc_1           0x0000030b   Thumb Code     0  libshutdown2.o(.ARM.Collect$$libshutdown$$0000000C)
    __rt_entry                               0x0000030d   Thumb Code     0  __rtentry.o(.ARM.Collect$$rtentry$$00000000)
    __rt_entry_presh_1                       0x0000030d   Thumb Code     0  __rtentry2.o(.ARM.Collect$$rtentry$$00000002)
    __rt_entry_sh                            0x0000030d   Thumb Code     0  __rtentry4.o(.ARM.Collect$$rtentry$$00000004)
    __rt_entry_li                            0x00000313   Thumb Code     0  __rtentry2.o(.ARM.Collect$$rtentry$$0000000A)
    __rt_entry_postsh_1                      0x00000313   Thumb Code     0  __rtentry2.o(.ARM.Collect$$rtentry$$00000009)
    __rt_entry_main                          0x00000317   Thumb Code     0  __rtentry2.o(.ARM.Collect$$rtentry$$0000000D)
    __rt_entry_postli_1                      0x00000317   Thumb Code     0  __rtentry2.o(.ARM.Collect$$rtentry$$0000000C)
    __rt_exit                                0x0000031f   Thumb Code     0  rtexit.o(.ARM.Collect$$rtexit$$00000000)
    __rt_exit_ls                             0x00000321   Thumb Code     0  rtexit2.o(.ARM.Collect$$rtexit$$00000003)
    __rt_exit_prels_1                        0x00000321   Thumb Code     0  rtexit2.o(.ARM.Collect$$rtexit$$00000002)
    __rt_exit_exit                           0x00000325   Thumb Code     0  rtexit2.o(.ARM.Collect$$rtexit$$00000004)
    Reset_Handler                            0x0000032d   Thumb Code     8  startup_tm4c123.o(.text)
    NMI_Handler                              0x00000335   Thumb Code     2  startup_tm4c123.o(.text)
    HardFault_Handler                        0x00000337   Thumb Code     2  startup_tm4c123.o(.text)
    MemManage_Handler                        0x00000339   Thumb Code     2  startup_tm4c123.o(.text)
    BusFault_Handler                         0x0000033b   Thumb Code     2  startup_tm4c123.o(.text)
    UsageFault_Handler                       0x0000033d   Thumb Code     2  startup_tm4c123.o(.text)
    SVC_Handler                              0x0000033f   Thumb Code     2  startup_tm4c123.o(.text)
    DebugMon_Handler                         0x00000341   Thumb Code     2  startup_tm4c123.o(.text)
    GPIOA_Handler                            0x00000347   Thumb Code     2  startup_tm4c123.o(.text)
    GPIOB_Handler                            0x00000349   Thumb Code     2  startup_tm4c123.o(.text)
    GPIOC_Handler                            0x0000034b   Thumb Code     2  startup_tm4c123.o(.text)
    GPIOD_Handler                            0x0000034d   Thumb Code     2  startup_tm4c123.o(.text)
    GPIOE_Handler                            0x0000034f   Thumb Code     2  startup_tm4c123.o(.text)
    UART0_Handler                            0x00000351   Thumb Code     2  startup_tm4c123.o(.text)
    UART1_Handler                            0x00000353   Thumb Code     2  startup_tm4c123.o(.text)
    SSI0_Handler                             0x00000355   Thumb Code     2  startup_tm4c123.o(.text)
    I2C0_Handler                             0x00000357   Thumb Code     2  startup_tm4c123.o(.text)
    PMW0_FAULT_Handler                       0x00000359   Thumb Code     2  startup_tm4c123.o(.text)
    PWM0_0_Handler                           0x0000035b   Thumb Code     2  startup_tm4c123.o(.text)
    PWM0_1_Handler                           0x0000035d   Thumb Code     2  startup_tm4c123.o(.text)
    PWM0_2_Handler                           0x0000035f   Thumb Code     2  startup_tm4c123.o(.text)
    QEI0_Handler                             0x00000361   Thumb Code     2  startup_tm4c123.o(.text)
    ADC0SS0_Handler                          0x00000363   Thumb Code     2  startup_tm4c123.o(.text)
    ADC0SS1_Handler                          0x00000365   Thumb Code     2  startup_tm4c123.o(.text)
    ADC0SS2_Handler                          0x00000367   Thumb Code     2  startup_tm4c123.o(.text)
    ADC0SS3_Handler                          0x00000369   Thumb Code     2  startup_tm4c123.o(.text)
    WDT0_Handler                             0x0000036b   Thumb Code     2  startup_tm4c123.o(.text)
    TIMER0A_Handler                          0x0000036d   Thumb Code     2  startup_tm4c123.o(.text)
    TIMER0B_Handler                          0x0000036f   Thumb Code     2  startup_tm4c123.o(.text)
    TIMER1A_Handler                          0x00000371   Thumb Code     2  startup_tm4c123.o(.text)
    TIMER1B_Handler                          0x00000373   Thumb Code     2  startup_tm4c123.o(.text)
    TIMER2A_Handler                          0x00000375   Thumb Code     2  startup_tm4c123.o(.text)
    TIMER2B_Handler                          0x00000377   Thumb Code     2  startup_tm4c123.o(.text)
    COMP0_Handler                            0x00000379   Thumb Code     2  startup_tm4c123.o(.text)
    COMP1_Handler                            0x0000037b   Thumb Code     2  startup_tm4c123.o(.text)
    COMP2_Handler                            0x0000037d   Thumb Code     2  startup_tm4c123.o(.text)
    SYSCTL_Handler                           0x0000037f   Thumb Code     2  startup_tm4c123.o(.text)
    FLASH_Handler                            0x00000381   Thumb Code     2  startup_tm4c123.o(.text)
    GPIOF_Handler                            0x00000383   Thumb Code     2  startup_tm4c123.o(.text)
    GPIOG_Handler                            0x00000385   Thumb Code     2  startup_tm4c123.o(.text)
    GPIOH_Handler                            0x00000387   Thumb Code     2  startup_tm4c123.o(.text)
    UART2_Handler                            0x00000389   Thumb Code     2  startup_tm4c123.o(.text)
    SSI1_Handler                             0x0000038b   Thumb Code     2  startup_tm4c123.o(.text)
    TIMER3A_Handler                          0x0000038d   Thumb Code     2  startup_tm4c123.o(.text)
    TIMER3B_Handler                          0x0000038f   Thumb Code     2  startup_tm4c123.o(.text)
    I2C1_Handler                             0x00000391   Thumb Code     2  startup_tm4c123.o(.text)
    QEI1_Handler                             0x00000393   Thumb Code     2  startup_tm4c123.o(.text)
    CAN0_Handler                             0x00000395   Thumb Code     2  startup_tm4c123.o(.text)
    CAN1_Handler                             0x00000397   Thumb Code     2  startup_tm4c123.o(.text)
    CAN2_Handler                             0x00000399   Thumb Code     2  startup_tm4c123.o(.text)
    HIB_Handler                              0x0000039b   Thumb Code     2  startup_tm4c123.o(.text)
    USB0_Handler                             0x0000039d   Thumb Code     2  startup_tm4c123.o(.text)
    PWM0_3_Handler                           0x0000039f   Thumb Code     2  startup_tm4c123.o(.text)
    UDMA_Handler                             0x000003a1   Thumb Code     2  startup_tm4c123.o(.text)
    UDMAERR_Handler                          0x000003a3   Thumb Code     2  startup_tm4c123.o(.text)
    ADC1SS0_Handler                          0x000003a5   Thumb Code     2  startup_tm4c123.o(.text)
    ADC1SS1_Handler                          0x000003a7   Thumb Code     2  startup_tm4c123.o(.text)
    ADC1SS2_Handler                          0x000003a9   Thumb Code     2  startup_tm4c123.o(.text)
    ADC1SS3_Handler                          0x000003ab   Thumb Code     2  startup_tm4c123.o(.text)
    GPIOJ_Handler                            0x000003ad   Thumb Code     2  startup_tm4c123.o(.text)
    GPIOK_Handler                            0x000003af   Thumb Code     2  startup_tm4c123.o(.text)
    GPIOL_Handler                            0x000003b1   Thumb Code     2  startup_tm4c123.o(.text)
    SSI2_Handler                             0x000003b3   Thumb Code     2  startup_tm4c123.o(.text)
    SSI3_Handler                             0x000003b5   Thumb Code     2  startup_tm4c123.o(.text)
    UART3_Handler                            0x000003b7   Thumb Code     2  startup_tm4c123.o(.text)
    UART4_Handler                            0x000003b9   Thumb Code     2  startup_tm4c123.o(.text)
    UART5_Handler                            0x000003bb   Thumb Code     2  startup_tm4c123.o(.text)
    UART6_Handler                            0x000003bd   Thumb Code     2  startup_tm4c123.o(.text)
    UART7_Handler                            0x000003bf   Thumb Code     2  startup_tm4c123.o(.text)
    I2C2_Handler                             0x000003c1   Thumb Code     2  startup_tm4c123.o(.text)
    I2C3_Handler                             0x000003c3   Thumb Code     2  startup_tm4c123.o(.text)
    TIMER4A_Handler                          0x000003c5   Thumb Code     2  startup_tm4c123.o(.text)
    TIMER4B_Handler                          0x000003c7   Thumb Code     2  startup_tm4c123.o(.text)
    TIMER5A_Handler                          0x000003c9   Thumb Code     2  startup_tm4c123.o(.text)
    TIMER5B_Handler                          0x000003cb   Thumb Code     2  startup_tm4c123.o(.text)
    WTIMER0A_Handler                         0x000003cd   Thumb Code     2  startup_tm4c123.o(.text)
    WTIMER0B_Handler                         0x000003cf   Thumb Code     2  startup_tm4c123.o(.text)
    WTIMER1A_Handler                         0x000003d1   Thumb Code     2  startup_tm4c123.o(.text)
    WTIMER1B_Handler                         0x000003d3   Thumb Code     2  startup_tm4c123.o(.text)
    WTIMER2A_Handler                         0x000003d5   Thumb Code     2  startup_tm4c123.o(.text)
    WTIMER2B_Handler                         0x000003d7   Thumb Code     2  startup_tm4c123.o(.text)
    WTIMER3A_Handler                         0x000003d9   Thumb Code     2  startup_tm4c123.o(.text)
    WTIMER3B_Handler                         0x000003db   Thumb Code     2  startup_tm4c123.o(.text)
    WTIMER4A_Handler                         0x000003dd   Thumb Code     2  startup_tm4c123.o(.text)
    WTIMER4B_Handler                         0x000003df   Thumb Code     2  startup_tm4c123.o(.text)
    WTIMER5A_Handler                         0x000003e1   Thumb Code     2  startup_tm4c123.o(.text)
    WTIMER5B_Handler                         0x000003e3   Thumb Code     2  startup_tm4c123.o(.text)
    FPU_Handler                              0x000003e5   Thumb Code     2  startup_tm4c123.o(.text)
    I2C4_Handler                             0x000003e7   Thumb Code     2  startup_tm4c123.o(.text)
    I2C5_Handler                             0x000003e9   Thumb Code     2  startup_tm4c123.o(.text)
    GPIOM_Handler                            0x000003eb   Thumb Code     2  startup_tm4c123.o(.text)
    GPION_Handler                            0x000003ed   Thumb Code     2  startup_tm4c123.o(.text)
    QEI2_Handler                             0x000003ef   Thumb Code     2  startup_tm4c123.o(.text)
    GPIOP0_Handler                           0x000003f1   Thumb Code     2  startup_tm4c123.o(.text)
    GPIOP1_Handler                           0x000003f3   Thumb Code     2  startup_tm4c123.o(.text)
    GPIOP2_Handler                           0x000003f5   Thumb Code     2  startup_tm4c123.o(.text)
    GPIOP3_Handler                           0x000003f7   Thumb Code     2  startup_tm4c123.o(.text)
    GPIOP4_Handler                           0x000003f9   Thumb Code     2  startup_tm4c123.o(.text)
    GPIOP5_Handler                           0x000003fb   Thumb Code     2  startup_tm4c123.o(.text)
    GPIOP6_Handler                           0x000003fd   Thumb Code     2  startup_tm4c123.o(.text)
    GPIOP7_Handler                           0x000003ff   Thumb Code     2  startup_tm4c123.o(.text)
    GPIOQ0_Handler                           0x00000401   Thumb Code     2  startup_tm4c123.o(.text)
    GPIOQ1_Handler                           0x00000403   Thumb Code     2  startup_tm4c123.o(.text)
    GPIOQ2_Handler                           0x00000405   Thumb Code     2  startup_tm4c123.o(.text)
    GPIOQ3_Handler                           0x00000407   Thumb Code     2  startup_tm4c123.o(.text)
    GPIOQ4_Handler                           0x00000409   Thumb Code     2  startup_tm4c123.o(.text)
    GPIOQ5_Handler                           0x0000040b   Thumb Code     2  startup_tm4c123.o(.text)
    GPIOQ6_Handler                           0x0000040d   Thumb Code     2  startup_tm4c123.o(.text)
    GPIOQ7_Handler                           0x0000040f   Thumb Code     2  startup_tm4c123.o(.text)
    GPIOR_Handler                            0x00000411   Thumb Code     2  startup_tm4c123.o(.text)
    GPIOS_Handler                            0x00000413   Thumb Code     2  startup_tm4c123.o(.text)
    PMW1_0_Handler                           0x00000415   Thumb Code     2  startup_tm4c123.o(.text)
    PWM1_1_Handler                           0x00000417   Thumb Code     2  startup_tm4c123.o(.text)
    PWM1_2_Handler                           0x00000419   Thumb Code     2  startup_tm4c123.o(.text)
    PWM1_3_Handler                           0x0000041b   Thumb Code     2  startup_tm4c123.o(.text)
    PWM1_FAULT_Handler                       0x0000041d   Thumb Code     2  startup_tm4c123.o(.text)
    __user_initial_stackheap                 0x00000421   Thumb Code     0  startup_tm4c123.o(.text)
    CPU_IntDis                               0x00000441   Thumb Code     0  cpu_a.o(.text)
    CPU_IntEn                                0x00000445   Thumb Code     0  cpu_a.o(.text)
    CPU_SR_Save                              0x00000449   Thumb Code     0  cpu_a.o(.text)
    CPU_SR_Restore                           0x00000451   Thumb Code     0  cpu_a.o(.text)
    CPU_WaitForInt                           0x00000457   Thumb Code     0  cpu_a.o(.text)
    CPU_WaitForExcept                        0x0000045b   Thumb Code     0  cpu_a.o(.text)
    CPU_CntLeadZeros                         0x0000045f   Thumb Code     0  cpu_a.o(.text)
    CPU_CntTrailZeros                        0x00000465   Thumb Code     0  cpu_a.o(.text)
    CPU_RevBits                              0x0000046f   Thumb Code     0  cpu_a.o(.text)
    __use_two_region_memory                  0x00000475   Thumb Code     2  heapauxi.o(.text)
    __rt_heap_escrow$2region                 0x00000477   Thumb Code     2  heapauxi.o(.text)
    __rt_heap_expand$2region                 0x00000479   Thumb Code     2  heapauxi.o(.text)
    __user_setup_stackheap                   0x0000047b   Thumb Code    74  sys_stackheap_outer.o(.text)
    exit                                     0x000004c5   Thumb Code    18  exit.o(.text)
    __user_libspace                          0x000004d9   Thumb Code     8  libspace.o(.text)
    __user_perproc_libspace                  0x000004d9   Thumb Code     0  libspace.o(.text)
    __user_perthread_libspace                0x000004d9   Thumb Code     0  libspace.o(.text)
    _sys_exit                                0x000004e1   Thumb Code     8  sys_exit.o(.text)
    __I$use$semihosting                      0x000004ed   Thumb Code     0  use_no_semi.o(.text)
    __use_no_semihosting_swi                 0x000004ed   Thumb Code     2  use_no_semi.o(.text)
    __semihosting_library_function           0x000004ef   Thumb Code     0  indicate_semi.o(.text)
    PendSV_Handler                           0x000004f1   Thumb Code     0  cortex_m_port.o(CODE)
    SysTick_Handler                          0x000004f7   Thumb Code     0  cortex_m_port.o(CODE)
    OS_CPU_FP_Reg_Push                       0x000004fd   Thumb Code     0  os_cpu_a.o(CODE)
    OS_CPU_FP_Reg_Pop                        0x00000517   Thumb Code     0  os_cpu_a.o(CODE)
    OSStartHighRdy                           0x00000529   Thumb Code     0  os_cpu_a.o(CODE)
    OSCtxSw                                  0x000005b3   Thumb Code     0  os_cpu_a.o(CODE)
    OSIntCtxSw                               0x000005bd   Thumb Code     0  os_cpu_a.o(CODE)
    OS_CPU_PendSVHandler                     0x000005c7   Thumb Code     0  os_cpu_a.o(CODE)
    ADC_Initialize                           0x00000621   Thumb Code   212  app.o(i.ADC_Initialize)
    ADC_ReadData                             0x0000070d   Thumb Code    38  app.o(i.ADC_ReadData)
    Adc0Seq3TASK                             0x00000739   Thumb Code    22  app.o(i.Adc0Seq3TASK)
    AppTaskStartTASK                         0x00000759   Thumb Code   208  app.o(i.AppTaskStartTASK)
    DCConverterMpptTASK                      0x000008a1   Thumb Code    10  app.o(i.DCConverterMpptTASK)
    InverterPllTASK                          0x000008b1   Thumb Code   590  app.o(i.InverterPllTASK)
    LowPassFilter                            0x00000b61   Thumb Code    92  app.o(i.LowPassFilter)
    OSCfg_Init                               0x00000bc5   Thumb Code     2  os_cfg_app.o(i.OSCfg_Init)
    OSIdleTaskHook                           0x00000bc9   Thumb Code    16  os_cpu_c.o(i.OSIdleTaskHook)
    OSInit                                   0x00000bdd   Thumb Code   260  os_core.o(i.OSInit)
    OSInitHook                               0x00000d55   Thumb Code    28  os_cpu_c.o(i.OSInitHook)
    OSIntExit                                0x00000d7d   Thumb Code   184  os_core.o(i.OSIntExit)
    OSMutexCreate                            0x00000e55   Thumb Code    88  os_mutex.o(i.OSMutexCreate)
    OSMutexPend                              0x00000eb5   Thumb Code   372  os_mutex.o(i.OSMutexPend)
    OSMutexPost                              0x00001031   Thumb Code   322  os_mutex.o(i.OSMutexPost)
    OSSched                                  0x0000117d   Thumb Code   130  os_core.o(i.OSSched)
    OSSchedLock                              0x0000121d   Thumb Code    84  os_core.o(i.OSSchedLock)
    OSSchedRoundRobinCfg                     0x00001279   Thumb Code    88  os_core.o(i.OSSchedRoundRobinCfg)
    OSSchedRoundRobinYield                   0x000012dd   Thumb Code   148  os_core.o(i.OSSchedRoundRobinYield)
    OSSchedUnlock                            0x00001385   Thumb Code   114  os_core.o(i.OSSchedUnlock)
    OSStart                                  0x00001401   Thumb Code   122  os_core.o(i.OSStart)
    OSStatReset                              0x0000149d   Thumb Code   228  os_stat.o(i.OSStatReset)
    OSStatTaskHook                           0x00001591   Thumb Code    16  os_cpu_c.o(i.OSStatTaskHook)
    OSTaskCreate                             0x000015a5   Thumb Code   342  os_task.o(i.OSTaskCreate)
    OSTaskCreateHook                         0x0000170d   Thumb Code    20  os_cpu_c.o(i.OSTaskCreateHook)
    OSTaskReturnHook                         0x00001725   Thumb Code    20  os_cpu_c.o(i.OSTaskReturnHook)
    OSTaskSemPend                            0x0000173d   Thumb Code   262  os_task.o(i.OSTaskSemPend)
    OSTaskSemPost                            0x0000184d   Thumb Code    34  os_task.o(i.OSTaskSemPost)
    OSTaskStkChk                             0x00001871   Thumb Code   168  os_task.o(i.OSTaskStkChk)
    OSTaskStkInit                            0x0000191d   Thumb Code   600  os_cpu_c.o(i.OSTaskStkInit)
    OSTaskSwHook                             0x00001be1   Thumb Code   130  os_cpu_c.o(i.OSTaskSwHook)
    OSTimeDly                                0x00001c71   Thumb Code   150  os_time.o(i.OSTimeDly)
    OSTimeTick                               0x00001d11   Thumb Code    82  os_time.o(i.OSTimeTick)
    OSTimeTickHook                           0x00001d81   Thumb Code    16  os_cpu_c.o(i.OSTimeTickHook)
    OS_CPU_SysTickHandler                    0x00001d95   Thumb Code    52  os_cpu_c.o(i.OS_CPU_SysTickHandler)
    OS_Dbg_Init                              0x00001dcd   Thumb Code   146  os_dbg.o(i.OS_Dbg_Init)
    OS_IdleTask                              0x00001f75   Thumb Code    58  os_core.o(i.OS_IdleTask)
    OS_IdleTaskInit                          0x00001fb9   Thumb Code    66  os_core.o(i.OS_IdleTaskInit)
    OS_MemInit                               0x00002029   Thumb Code    14  os_mem.o(i.OS_MemInit)
    OS_MsgPoolInit                           0x00002041   Thumb Code    76  os_msg.o(i.OS_MsgPoolInit)
    OS_MsgQInit                              0x00002099   Thumb Code    14  os_msg.o(i.OS_MsgQInit)
    OS_MutexDbgListAdd                       0x000020a9   Thumb Code    38  os_mutex.o(i.OS_MutexDbgListAdd)
    OS_MutexGrpAdd                           0x000020d9   Thumb Code     8  os_mutex.o(i.OS_MutexGrpAdd)
    OS_MutexGrpPrioFindHighest               0x000020e1   Thumb Code    44  os_mutex.o(i.OS_MutexGrpPrioFindHighest)
    OS_MutexGrpRemove                        0x0000210d   Thumb Code    28  os_mutex.o(i.OS_MutexGrpRemove)
    OS_Pend                                  0x00002129   Thumb Code    92  os_core.o(i.OS_Pend)
    OS_PendDataInit                          0x00002189   Thumb Code    18  os_core.o(i.OS_PendDataInit)
    OS_PendDbgNameAdd                        0x0000219d   Thumb Code    66  os_core.o(i.OS_PendDbgNameAdd)
    OS_PendDbgNameRemove                     0x000021f9   Thumb Code    30  os_core.o(i.OS_PendDbgNameRemove)
    OS_PendListChangePrio                    0x0000221d   Thumb Code    56  os_core.o(i.OS_PendListChangePrio)
    OS_PendListInit                          0x00002255   Thumb Code    10  os_core.o(i.OS_PendListInit)
    OS_PendListInsertPrio                    0x0000225f   Thumb Code   102  os_core.o(i.OS_PendListInsertPrio)
    OS_PendListRemove                        0x000022c5   Thumb Code    50  os_core.o(i.OS_PendListRemove)
    OS_PendListRemove1                       0x000022f7   Thumb Code    66  os_core.o(i.OS_PendListRemove1)
    OS_Post                                  0x00002339   Thumb Code   164  os_core.o(i.OS_Post)
    OS_PrioGetHighest                        0x000023dd   Thumb Code    20  os_prio.o(i.OS_PrioGetHighest)
    OS_PrioInit                              0x000023f5   Thumb Code    20  os_prio.o(i.OS_PrioInit)
    OS_PrioInsert                            0x0000240d   Thumb Code    30  os_prio.o(i.OS_PrioInsert)
    OS_PrioRemove                            0x00002431   Thumb Code    30  os_prio.o(i.OS_PrioRemove)
    OS_RdyListInit                           0x00002455   Thumb Code    30  os_core.o(i.OS_RdyListInit)
    OS_RdyListInsert                         0x00002479   Thumb Code    40  os_core.o(i.OS_RdyListInsert)
    OS_RdyListInsertHead                     0x000024a5   Thumb Code    58  os_core.o(i.OS_RdyListInsertHead)
    OS_RdyListInsertTail                     0x000024e5   Thumb Code    56  os_core.o(i.OS_RdyListInsertTail)
    OS_RdyListMoveHeadToTail                 0x00002521   Thumb Code    62  os_core.o(i.OS_RdyListMoveHeadToTail)
    OS_RdyListRemove                         0x00002561   Thumb Code    86  os_core.o(i.OS_RdyListRemove)
    OS_SchedRoundRobin                       0x000025bd   Thumb Code   190  os_core.o(i.OS_SchedRoundRobin)
    OS_StatTask                              0x0000268d   Thumb Code   646  os_stat.o(i.OS_StatTask)
    OS_StatTaskInit                          0x0000294d   Thumb Code   136  os_stat.o(i.OS_StatTaskInit)
    OS_TaskBlock                             0x00002a19   Thumb Code    40  os_core.o(i.OS_TaskBlock)
    OS_TaskChangePrio                        0x00002a45   Thumb Code   230  os_task.o(i.OS_TaskChangePrio)
    OS_TaskDbgListAdd                        0x00002b31   Thumb Code    42  os_task.o(i.OS_TaskDbgListAdd)
    OS_TaskInit                              0x00002b61   Thumb Code    18  os_task.o(i.OS_TaskInit)
    OS_TaskInitTCB                           0x00002b81   Thumb Code   168  os_task.o(i.OS_TaskInitTCB)
    OS_TaskReturn                            0x00002c35   Thumb Code    28  os_task.o(i.OS_TaskReturn)
    OS_TaskSemPost                           0x00002c59   Thumb Code   448  os_task.o(i.OS_TaskSemPost)
    OS_TickListInsert                        0x00002e1d   Thumb Code   134  os_tick.o(i.OS_TickListInsert)
    OS_TickListInsertDly                     0x00002ea5   Thumb Code   158  os_tick.o(i.OS_TickListInsertDly)
    OS_TickListRemove                        0x00002f4d   Thumb Code    88  os_tick.o(i.OS_TickListRemove)
    OS_TickTask                              0x00003141   Thumb Code    78  os_tick.o(i.OS_TickTask)
    OS_TickTaskInit                          0x00003195   Thumb Code   140  os_tick.o(i.OS_TickTaskInit)
    OS_TmrInit                               0x0000325d   Thumb Code   194  os_tmr.o(i.OS_TmrInit)
    OS_TmrTask                               0x000033a1   Thumb Code   108  os_tmr.o(i.OS_TmrTask)
    OS_TmrUnlink                             0x00003415   Thumb Code    58  os_tmr.o(i.OS_TmrUnlink)
    PWMDutySetTASK                           0x0000346d   Thumb Code   274  app.o(i.PWMDutySetTASK)
    PWM_Initialize                           0x00003595   Thumb Code   298  app.o(i.PWM_Initialize)
    SystemInit                               0x000036dd   Thumb Code   112  system_tm4c123.o(i.SystemInit)
    ZeroCrossDetector                        0x00003775   Thumb Code    18  app.o(i.ZeroCrossDetector)
    main                                     0x00003789   Thumb Code    78  app.o(i.main)
    __aeabi_d2f                              0x000037fd   Thumb Code     0  d2f.o(x$fpl$d2f)
    _d2f                                     0x000037fd   Thumb Code    98  d2f.o(x$fpl$d2f)
    __aeabi_dadd                             0x00003861   Thumb Code     0  daddsub_clz.o(x$fpl$dadd)
    _dadd                                    0x00003861   Thumb Code   332  daddsub_clz.o(x$fpl$dadd)
    __fpl_dcmp_Inf                           0x000039b1   Thumb Code    24  dcmpi.o(x$fpl$dcmpinf)
    __aeabi_ddiv                             0x000039c9   Thumb Code     0  ddiv.o(x$fpl$ddiv)
    _ddiv                                    0x000039c9   Thumb Code   552  ddiv.o(x$fpl$ddiv)
    __aeabi_d2uiz                            0x00003c79   Thumb Code     0  dfixu.o(x$fpl$dfixu)
    _dfixu                                   0x00003c79   Thumb Code    90  dfixu.o(x$fpl$dfixu)
    __aeabi_ui2d                             0x00003cd3   Thumb Code     0  dflt_clz.o(x$fpl$dfltu)
    _dfltu                                   0x00003cd3   Thumb Code    38  dflt_clz.o(x$fpl$dfltu)
    __aeabi_cdcmple                          0x00003cf9   Thumb Code     0  dleqf.o(x$fpl$dleqf)
    _dcmple                                  0x00003cf9   Thumb Code   120  dleqf.o(x$fpl$dleqf)
    __fpl_dcmple_InfNaN                      0x00003d5b   Thumb Code     0  dleqf.o(x$fpl$dleqf)
    __aeabi_dmul                             0x00003d71   Thumb Code     0  dmul.o(x$fpl$dmul)
    _dmul                                    0x00003d71   Thumb Code   332  dmul.o(x$fpl$dmul)
    __fpl_dnaninf                            0x00003ec5   Thumb Code   156  dnaninf.o(x$fpl$dnaninf)
    __fpl_dretinf                            0x00003f61   Thumb Code    12  dretinf.o(x$fpl$dretinf)
    __aeabi_cdrcmple                         0x00003f6d   Thumb Code     0  drleqf.o(x$fpl$drleqf)
    _drcmple                                 0x00003f6d   Thumb Code   108  drleqf.o(x$fpl$drleqf)
    __aeabi_drsub                            0x00003fd9   Thumb Code     0  daddsub_clz.o(x$fpl$drsb)
    _drsb                                    0x00003fd9   Thumb Code    22  daddsub_clz.o(x$fpl$drsb)
    __aeabi_dsub                             0x00003ff1   Thumb Code     0  daddsub_clz.o(x$fpl$dsub)
    _dsub                                    0x00003ff1   Thumb Code   464  daddsub_clz.o(x$fpl$dsub)
    __aeabi_f2d                              0x000041c5   Thumb Code     0  f2d.o(x$fpl$f2d)
    _f2d                                     0x000041c5   Thumb Code    86  f2d.o(x$fpl$f2d)
    __fpl_fnaninf                            0x0000421b   Thumb Code   140  fnaninf.o(x$fpl$fnaninf)
    _fp_init                                 0x000042a7   Thumb Code    10  fpinit.o(x$fpl$fpinit)
    __fplib_config_fpu_vfp                   0x000042af   Thumb Code     0  fpinit.o(x$fpl$fpinit)
    __fplib_config_pureend_doubles           0x000042af   Thumb Code     0  fpinit.o(x$fpl$fpinit)
    __fpl_fretinf                            0x000042b1   Thumb Code    10  fretinf.o(x$fpl$fretinf)
    __I$use$fp                               0x000042ba   Number         0  usenofp.o(x$fpl$usenofp)
    OSCfg_IdleTaskStkBasePtr                 0x000042bc   Data           4  os_cfg_app.o(.constdata)
    OSCfg_IdleTaskStkLimit                   0x000042c0   Data           4  os_cfg_app.o(.constdata)
    OSCfg_IdleTaskStkSize                    0x000042c4   Data           4  os_cfg_app.o(.constdata)
    OSCfg_IdleTaskStkSizeRAM                 0x000042c8   Data           4  os_cfg_app.o(.constdata)
    OSCfg_IntQBasePtr                        0x000042cc   Data           4  os_cfg_app.o(.constdata)
    OSCfg_IntQSize                           0x000042d0   Data           2  os_cfg_app.o(.constdata)
    OSCfg_IntQSizeRAM                        0x000042d4   Data           4  os_cfg_app.o(.constdata)
    OSCfg_IntQTaskStkBasePtr                 0x000042d8   Data           4  os_cfg_app.o(.constdata)
    OSCfg_IntQTaskStkLimit                   0x000042dc   Data           4  os_cfg_app.o(.constdata)
    OSCfg_IntQTaskStkSize                    0x000042e0   Data           4  os_cfg_app.o(.constdata)
    OSCfg_IntQTaskStkSizeRAM                 0x000042e4   Data           4  os_cfg_app.o(.constdata)
    OSCfg_ISRStkBasePtr                      0x000042e8   Data           4  os_cfg_app.o(.constdata)
    OSCfg_ISRStkSize                         0x000042ec   Data           4  os_cfg_app.o(.constdata)
    OSCfg_ISRStkSizeRAM                      0x000042f0   Data           4  os_cfg_app.o(.constdata)
    OSCfg_MsgPoolSize                        0x000042f4   Data           2  os_cfg_app.o(.constdata)
    OSCfg_MsgPoolSizeRAM                     0x000042f8   Data           4  os_cfg_app.o(.constdata)
    OSCfg_MsgPoolBasePtr                     0x000042fc   Data           4  os_cfg_app.o(.constdata)
    OSCfg_StatTaskPrio                       0x00004300   Data           1  os_cfg_app.o(.constdata)
    OSCfg_StatTaskRate_Hz                    0x00004304   Data           4  os_cfg_app.o(.constdata)
    OSCfg_StatTaskStkBasePtr                 0x00004308   Data           4  os_cfg_app.o(.constdata)
    OSCfg_StatTaskStkLimit                   0x0000430c   Data           4  os_cfg_app.o(.constdata)
    OSCfg_StatTaskStkSize                    0x00004310   Data           4  os_cfg_app.o(.constdata)
    OSCfg_StatTaskStkSizeRAM                 0x00004314   Data           4  os_cfg_app.o(.constdata)
    OSCfg_StkSizeMin                         0x00004318   Data           4  os_cfg_app.o(.constdata)
    OSCfg_TickRate_Hz                        0x0000431c   Data           4  os_cfg_app.o(.constdata)
    OSCfg_TickTaskPrio                       0x00004320   Data           1  os_cfg_app.o(.constdata)
    OSCfg_TickTaskStkBasePtr                 0x00004324   Data           4  os_cfg_app.o(.constdata)
    OSCfg_TickTaskStkLimit                   0x00004328   Data           4  os_cfg_app.o(.constdata)
    OSCfg_TickTaskStkSize                    0x0000432c   Data           4  os_cfg_app.o(.constdata)
    OSCfg_TickTaskStkSizeRAM                 0x00004330   Data           4  os_cfg_app.o(.constdata)
    OSCfg_TmrTaskPrio                        0x00004334   Data           1  os_cfg_app.o(.constdata)
    OSCfg_TmrTaskRate_Hz                     0x00004338   Data           4  os_cfg_app.o(.constdata)
    OSCfg_TmrTaskStkBasePtr                  0x0000433c   Data           4  os_cfg_app.o(.constdata)
    OSCfg_TmrTaskStkLimit                    0x00004340   Data           4  os_cfg_app.o(.constdata)
    OSCfg_TmrTaskStkSize                     0x00004344   Data           4  os_cfg_app.o(.constdata)
    OSCfg_TmrTaskStkSizeRAM                  0x00004348   Data           4  os_cfg_app.o(.constdata)
    OSCfg_DataSizeRAM                        0x0000434c   Data           4  os_cfg_app.o(.constdata)
    OSDbg_DbgEn                              0x00004350   Data           1  os_dbg.o(.constdata)
    OSDbg_ArgChkEn                           0x00004351   Data           1  os_dbg.o(.constdata)
    OSDbg_AppHooksEn                         0x00004352   Data           1  os_dbg.o(.constdata)
    OSDbg_EndiannessTest                     0x00004354   Data           4  os_dbg.o(.constdata)
    OSDbg_CalledFromISRChkEn                 0x00004358   Data           1  os_dbg.o(.constdata)
    OSDbg_FlagEn                             0x00004359   Data           1  os_dbg.o(.constdata)
    OSDbg_FlagGrp                            0x0000435c   Data          36  os_dbg.o(.constdata)
    OSDbg_FlagDelEn                          0x00004380   Data           1  os_dbg.o(.constdata)
    OSDbg_FlagModeClrEn                      0x00004381   Data           1  os_dbg.o(.constdata)
    OSDbg_FlagPendAbortEn                    0x00004382   Data           1  os_dbg.o(.constdata)
    OSDbg_FlagGrpSize                        0x00004384   Data           2  os_dbg.o(.constdata)
    OSDbg_FlagWidth                          0x00004386   Data           2  os_dbg.o(.constdata)
    OSDbg_IntQ                               0x00004388   Data           2  os_dbg.o(.constdata)
    OSDbg_ISRPostDeferredEn                  0x0000438a   Data           1  os_dbg.o(.constdata)
    OSDbg_Mem                                0x0000438c   Data          32  os_dbg.o(.constdata)
    OSDbg_MemEn                              0x000043ac   Data           1  os_dbg.o(.constdata)
    OSDbg_MemSize                            0x000043ae   Data           2  os_dbg.o(.constdata)
    OSDbg_MsgEn                              0x000043b0   Data           1  os_dbg.o(.constdata)
    OSDbg_MsgSize                            0x000043b2   Data           2  os_dbg.o(.constdata)
    OSDbg_MsgPoolSize                        0x000043b4   Data           2  os_dbg.o(.constdata)
    OSDbg_MsgQSize                           0x000043b6   Data           2  os_dbg.o(.constdata)
    OSDbg_Mutex                              0x000043b8   Data          44  os_dbg.o(.constdata)
    OSDbg_MutexEn                            0x000043e4   Data           1  os_dbg.o(.constdata)
    OSDbg_MutexDelEn                         0x000043e5   Data           1  os_dbg.o(.constdata)
    OSDbg_MutexPendAbortEn                   0x000043e6   Data           1  os_dbg.o(.constdata)
    OSDbg_MutexSize                          0x000043e8   Data           2  os_dbg.o(.constdata)
    OSDbg_ObjTypeChkEn                       0x000043ea   Data           1  os_dbg.o(.constdata)
    OSDbg_PendMultiEn                        0x000043eb   Data           1  os_dbg.o(.constdata)
    OSDbg_PendDataSize                       0x000043ec   Data           2  os_dbg.o(.constdata)
    OSDbg_PendListSize                       0x000043ee   Data           2  os_dbg.o(.constdata)
    OSDbg_PendObjSize                        0x000043f0   Data           2  os_dbg.o(.constdata)
    OSDbg_PrioMax                            0x000043f2   Data           2  os_dbg.o(.constdata)
    OSDbg_PrioTblSize                        0x000043f4   Data           2  os_dbg.o(.constdata)
    OSDbg_PtrSize                            0x000043f6   Data           2  os_dbg.o(.constdata)
    OSDbg_Q                                  0x000043f8   Data          48  os_dbg.o(.constdata)
    OSDbg_QEn                                0x00004428   Data           1  os_dbg.o(.constdata)
    OSDbg_QDelEn                             0x00004429   Data           1  os_dbg.o(.constdata)
    OSDbg_QFlushEn                           0x0000442a   Data           1  os_dbg.o(.constdata)
    OSDbg_QPendAbortEn                       0x0000442b   Data           1  os_dbg.o(.constdata)
    OSDbg_QSize                              0x0000442c   Data           2  os_dbg.o(.constdata)
    OSDbg_SchedRoundRobinEn                  0x0000442e   Data           1  os_dbg.o(.constdata)
    OSDbg_Sem                                0x00004430   Data          36  os_dbg.o(.constdata)
    OSDbg_SemEn                              0x00004454   Data           1  os_dbg.o(.constdata)
    OSDbg_SemDelEn                           0x00004455   Data           1  os_dbg.o(.constdata)
    OSDbg_SemPendAbortEn                     0x00004456   Data           1  os_dbg.o(.constdata)
    OSDbg_SemSetEn                           0x00004457   Data           1  os_dbg.o(.constdata)
    OSDbg_SemSize                            0x00004458   Data           2  os_dbg.o(.constdata)
    OSDbg_RdyList                            0x0000445a   Data           2  os_dbg.o(.constdata)
    OSDbg_RdyListSize                        0x0000445c   Data           4  os_dbg.o(.constdata)
    OSDbg_StkWidth                           0x00004460   Data           1  os_dbg.o(.constdata)
    OSDbg_StatTaskEn                         0x00004461   Data           1  os_dbg.o(.constdata)
    OSDbg_StatTaskStkChkEn                   0x00004462   Data           1  os_dbg.o(.constdata)
    OSDbg_TaskChangePrioEn                   0x00004463   Data           1  os_dbg.o(.constdata)
    OSDbg_TaskDelEn                          0x00004464   Data           1  os_dbg.o(.constdata)
    OSDbg_TaskQEn                            0x00004465   Data           1  os_dbg.o(.constdata)
    OSDbg_TaskQPendAbortEn                   0x00004466   Data           1  os_dbg.o(.constdata)
    OSDbg_TaskProfileEn                      0x00004467   Data           1  os_dbg.o(.constdata)
    OSDbg_TaskRegTblSize                     0x00004468   Data           2  os_dbg.o(.constdata)
    OSDbg_TaskSemPendAbortEn                 0x0000446a   Data           1  os_dbg.o(.constdata)
    OSDbg_TaskSuspendEn                      0x0000446b   Data           1  os_dbg.o(.constdata)
    OSDbg_TCBSize                            0x0000446c   Data           2  os_dbg.o(.constdata)
    OSDbg_TickListSize                       0x0000446e   Data           2  os_dbg.o(.constdata)
    OSDbg_TimeDlyHMSMEn                      0x00004470   Data           1  os_dbg.o(.constdata)
    OSDbg_TimeDlyResumeEn                    0x00004471   Data           1  os_dbg.o(.constdata)
    OSDbg_TLS_TblSize                        0x00004472   Data           2  os_dbg.o(.constdata)
    OSDbg_Tmr                                0x00004474   Data          48  os_dbg.o(.constdata)
    OSDbg_TmrEn                              0x000044a4   Data           1  os_dbg.o(.constdata)
    OSDbg_TmrDelEn                           0x000044a5   Data           1  os_dbg.o(.constdata)
    OSDbg_TmrSize                            0x000044a6   Data           2  os_dbg.o(.constdata)
    OSDbg_VersionNbr                         0x000044a8   Data           2  os_dbg.o(.constdata)
    OSDbg_DataSize                           0x000044ac   Data           4  os_dbg.o(.constdata)
    Region$$Table$$Base                      0x000044b0   Number         0  anon$$obj.o(Region$$Table)
    Region$$Table$$Limit                     0x000044d0   Number         0  anon$$obj.o(Region$$Table)
    os_err                                   0x20000000   Data           2  app.o(.data)
    XOR                                      0x20000002   Data           1  app.o(.data)
    PreXOR                                   0x20000003   Data           1  app.o(.data)
    GAIN                                     0x20000004   Data           4  app.o(.data)
    LPF                                      0x20000008   Data           4  app.o(.data)
    PreLPF                                   0x2000000c   Data           4  app.o(.data)
    dt                                       0x20000010   Data           4  app.o(.data)
    W                                        0x20000018   Data           8  app.o(.data)
    H                                        0x20000020   Data           8  app.o(.data)
    A0                                       0x20000028   Data           8  app.o(.data)
    A1                                       0x20000030   Data           8  app.o(.data)
    A2                                       0x20000038   Data           8  app.o(.data)
    X                                        0x20000040   Data           8  app.o(.data)
    Y                                        0x20000048   Data           8  app.o(.data)
    PreX                                     0x20000050   Data           8  app.o(.data)
    PreY                                     0x20000058   Data           8  app.o(.data)
    PllInput                                 0x20000060   Data           4  app.o(.data)
    MpptInputV                               0x20000064   Data           4  app.o(.data)
    MpptInputI                               0x20000068   Data           4  app.o(.data)
    PLLOutput                                0x20000070   Data           8  app.o(.data)
    PLLOutputPos                             0x20000078   Data           8  app.o(.data)
    PLLOutputNeg                             0x20000080   Data           8  app.o(.data)
    AppStarterTaskCOUNT                      0x20000088   Data           4  app.o(.data)
    count                                    0x2000008c   Data           4  app.o(.data)
    count1                                   0x20000090   Data           4  app.o(.data)
    OS_CPU_ExceptStkBase                     0x20000094   Data           4  os_cpu_c.o(.data)
    OSPrioTbl                                0x20000098   Data           4  os_prio.o(.data)
    OS_AppTaskCreateHookPtr                  0x2000009c   Data           4  os_var.o(.data)
    OS_AppTaskDelHookPtr                     0x200000a0   Data           4  os_var.o(.data)
    OS_AppTaskReturnHookPtr                  0x200000a4   Data           4  os_var.o(.data)
    OS_AppIdleTaskHookPtr                    0x200000a8   Data           4  os_var.o(.data)
    OS_AppStatTaskHookPtr                    0x200000ac   Data           4  os_var.o(.data)
    OS_AppTaskSwHookPtr                      0x200000b0   Data           4  os_var.o(.data)
    OS_AppTimeTickHookPtr                    0x200000b4   Data           4  os_var.o(.data)
    OSIdleTaskCtr                            0x200000b8   Data           4  os_var.o(.data)
    OSIntNestingCtr                          0x200000bc   Data           1  os_var.o(.data)
    OSRunning                                0x200000bd   Data           1  os_var.o(.data)
    OSInitialized                            0x200000be   Data           1  os_var.o(.data)
    OSFlagDbgListPtr                         0x200000c0   Data           4  os_var.o(.data)
    OSFlagQty                                0x200000c4   Data           2  os_var.o(.data)
    OSMemDbgListPtr                          0x200000c8   Data           4  os_var.o(.data)
    OSMemQty                                 0x200000cc   Data           2  os_var.o(.data)
    OSMutexDbgListPtr                        0x200000d0   Data           4  os_var.o(.data)
    OSMutexQty                               0x200000d4   Data           2  os_var.o(.data)
    OSPrioCur                                0x200000d6   Data           1  os_var.o(.data)
    OSPrioHighRdy                            0x200000d7   Data           1  os_var.o(.data)
    OSQDbgListPtr                            0x200000d8   Data           4  os_var.o(.data)
    OSQQty                                   0x200000dc   Data           2  os_var.o(.data)
    OSSchedLockNestingCtr                    0x200000de   Data           1  os_var.o(.data)
    OSSchedRoundRobinDfltTimeQuanta          0x200000e0   Data           4  os_var.o(.data)
    OSSchedRoundRobinEn                      0x200000e4   Data           1  os_var.o(.data)
    OSSemDbgListPtr                          0x200000e8   Data           4  os_var.o(.data)
    OSSemQty                                 0x200000ec   Data           2  os_var.o(.data)
    OSStatResetFlag                          0x200000ee   Data           1  os_var.o(.data)
    OSStatTaskCPUUsage                       0x200000f0   Data           2  os_var.o(.data)
    OSStatTaskCPUUsageMax                    0x200000f2   Data           2  os_var.o(.data)
    OSStatTaskCtr                            0x200000f4   Data           4  os_var.o(.data)
    OSStatTaskCtrMax                         0x200000f8   Data           4  os_var.o(.data)
    OSStatTaskCtrRun                         0x200000fc   Data           4  os_var.o(.data)
    OSStatTaskRdy                            0x20000100   Data           1  os_var.o(.data)
    OSTaskCtxSwCtr                           0x20000104   Data           4  os_var.o(.data)
    OSTaskDbgListPtr                         0x20000108   Data           4  os_var.o(.data)
    OSTaskQty                                0x2000010c   Data           2  os_var.o(.data)
    OSTaskRegNextAvailID                     0x2000010e   Data           1  os_var.o(.data)
    OSTickCtr                                0x20000110   Data           4  os_var.o(.data)
    OSTickListDly                            0x20000114   Data           8  os_var.o(.data)
    OSTickListTimeout                        0x2000011c   Data           8  os_var.o(.data)
    OSTmrDbgListPtr                          0x20000124   Data           4  os_var.o(.data)
    OSTmrListEntries                         0x20000128   Data           2  os_var.o(.data)
    OSTmrListPtr                             0x2000012c   Data           4  os_var.o(.data)
    OSTmrQty                                 0x20000130   Data           2  os_var.o(.data)
    OSTmrTickCtr                             0x20000134   Data           4  os_var.o(.data)
    OSTmrUpdateCnt                           0x20000138   Data           4  os_var.o(.data)
    OSTmrUpdateCtr                           0x2000013c   Data           4  os_var.o(.data)
    OSTCBCurPtr                              0x20000140   Data           4  os_var.o(.data)
    OSTCBHighRdyPtr                          0x20000144   Data           4  os_var.o(.data)
    AppTaskStartTCB                          0x20000148   Data         192  app.o(.bss)
    Adc0Seq3TCB                              0x20000208   Data         192  app.o(.bss)
    PWMDutySetTCB                            0x200002c8   Data         192  app.o(.bss)
    InverterPllTCB                           0x20000388   Data         192  app.o(.bss)
    DCConverterMpptTCB                       0x20000448   Data         192  app.o(.bss)
    Adc0Seq3STK                              0x20000508   Data         512  app.o(.bss)
    AppTaskStartSTK                          0x20000708   Data         512  app.o(.bss)
    PWMDutySetSTK                            0x20000908   Data         512  app.o(.bss)
    InverterPllSTK                           0x20000b08   Data         512  app.o(.bss)
    DCConverterMpptSTK                       0x20000d08   Data         512  app.o(.bss)
    OSCfg_IdleTaskStk                        0x20000f08   Data        1024  os_cfg_app.o(.bss)
    OSCfg_ISRStk                             0x20001308   Data        2048  os_cfg_app.o(.bss)
    OSCfg_MsgPool                            0x20001b08   Data        1200  os_cfg_app.o(.bss)
    OSCfg_StatTaskStk                        0x20001fb8   Data        2048  os_cfg_app.o(.bss)
    OSCfg_TickTaskStk                        0x200027b8   Data        2048  os_cfg_app.o(.bss)
    OSCfg_TmrTaskStk                         0x20002fb8   Data        2048  os_cfg_app.o(.bss)
    OSIdleTaskTCB                            0x200037b8   Data         192  os_var.o(.bss)
    OSMsgPool                                0x20003878   Data          12  os_var.o(.bss)
    OSRdyList                                0x20003884   Data         384  os_var.o(.bss)
    OSStatTaskTCB                            0x20003a04   Data         192  os_var.o(.bss)
    OSTickTaskTCB                            0x20003ac4   Data         192  os_var.o(.bss)
    OSTmrMutex                               0x20003b84   Data          44  os_var.o(.bss)
    OSTmrTaskTCB                             0x20003bb0   Data         192  os_var.o(.bss)
    __libspace_start                         0x20003c70   Data          96  libspace.o(.bss)
    __temporary_stack_top$libspace           0x20003cd0   Data           0  libspace.o(.bss)



==============================================================================

Memory Map of the image

  Image Entry point : 0x0000032d

  Load Region LR_1 (Base: 0x00000000, Size: 0x00004618, Max: 0xffffffff, ABSOLUTE, COMPRESSED[0x000044e0])

    Execution Region ER_RO (Exec base: 0x00000000, Load base: 0x00000000, Size: 0x000044d0, Max: 0xffffffff, ABSOLUTE)

    Exec Addr    Load Addr    Size         Type   Attr      Idx    E Section Name        Object

    0x00000000   0x00000000   0x0000026c   Data   RO          180    RESET               startup_tm4c123.o
    0x0000026c   0x0000026c   0x00000008   Code   RO         1917  * !!!main             c_w.l(__main.o)
    0x00000274   0x00000274   0x00000034   Code   RO         2117    !!!scatter          c_w.l(__scatter.o)
    0x000002a8   0x000002a8   0x0000003a   Code   RO         2115    !!dczerorl          c_w.l(__dczerorl.o)
    0x000002e2   0x000002e2   0x00000002   PAD
    0x000002e4   0x000002e4   0x0000001c   Code   RO         2119    !!handler_zi        c_w.l(__scatter_zi.o)
    0x00000300   0x00000300   0x00000002   Code   RO         1985    .ARM.Collect$$libinit$$00000000  c_w.l(libinit.o)
    0x00000302   0x00000302   0x00000004   Code   RO         1991    .ARM.Collect$$libinit$$00000001  c_w.l(libinit2.o)
    0x00000306   0x00000306   0x00000000   Code   RO         1994    .ARM.Collect$$libinit$$00000004  c_w.l(libinit2.o)
    0x00000306   0x00000306   0x00000000   Code   RO         1997    .ARM.Collect$$libinit$$0000000A  c_w.l(libinit2.o)
    0x00000306   0x00000306   0x00000000   Code   RO         1999    .ARM.Collect$$libinit$$0000000C  c_w.l(libinit2.o)
    0x00000306   0x00000306   0x00000000   Code   RO         2001    .ARM.Collect$$libinit$$0000000E  c_w.l(libinit2.o)
    0x00000306   0x00000306   0x00000000   Code   RO         2004    .ARM.Collect$$libinit$$00000011  c_w.l(libinit2.o)
    0x00000306   0x00000306   0x00000000   Code   RO         2006    .ARM.Collect$$libinit$$00000013  c_w.l(libinit2.o)
    0x00000306   0x00000306   0x00000000   Code   RO         2008    .ARM.Collect$$libinit$$00000015  c_w.l(libinit2.o)
    0x00000306   0x00000306   0x00000000   Code   RO         2010    .ARM.Collect$$libinit$$00000017  c_w.l(libinit2.o)
    0x00000306   0x00000306   0x00000000   Code   RO         2012    .ARM.Collect$$libinit$$00000019  c_w.l(libinit2.o)
    0x00000306   0x00000306   0x00000000   Code   RO         2014    .ARM.Collect$$libinit$$0000001B  c_w.l(libinit2.o)
    0x00000306   0x00000306   0x00000000   Code   RO         2016    .ARM.Collect$$libinit$$0000001D  c_w.l(libinit2.o)
    0x00000306   0x00000306   0x00000000   Code   RO         2018    .ARM.Collect$$libinit$$0000001F  c_w.l(libinit2.o)
    0x00000306   0x00000306   0x00000000   Code   RO         2020    .ARM.Collect$$libinit$$00000021  c_w.l(libinit2.o)
    0x00000306   0x00000306   0x00000000   Code   RO         2022    .ARM.Collect$$libinit$$00000023  c_w.l(libinit2.o)
    0x00000306   0x00000306   0x00000000   Code   RO         2024    .ARM.Collect$$libinit$$00000025  c_w.l(libinit2.o)
    0x00000306   0x00000306   0x00000000   Code   RO         2028    .ARM.Collect$$libinit$$0000002C  c_w.l(libinit2.o)
    0x00000306   0x00000306   0x00000000   Code   RO         2030    .ARM.Collect$$libinit$$0000002E  c_w.l(libinit2.o)
    0x00000306   0x00000306   0x00000000   Code   RO         2032    .ARM.Collect$$libinit$$00000030  c_w.l(libinit2.o)
    0x00000306   0x00000306   0x00000000   Code   RO         2034    .ARM.Collect$$libinit$$00000032  c_w.l(libinit2.o)
    0x00000306   0x00000306   0x00000002   Code   RO         2035    .ARM.Collect$$libinit$$00000033  c_w.l(libinit2.o)
    0x00000308   0x00000308   0x00000002   Code   RO         2055    .ARM.Collect$$libshutdown$$00000000  c_w.l(libshutdown.o)
    0x0000030a   0x0000030a   0x00000000   Code   RO         2068    .ARM.Collect$$libshutdown$$00000002  c_w.l(libshutdown2.o)
    0x0000030a   0x0000030a   0x00000000   Code   RO         2070    .ARM.Collect$$libshutdown$$00000004  c_w.l(libshutdown2.o)
    0x0000030a   0x0000030a   0x00000000   Code   RO         2073    .ARM.Collect$$libshutdown$$00000007  c_w.l(libshutdown2.o)
    0x0000030a   0x0000030a   0x00000000   Code   RO         2076    .ARM.Collect$$libshutdown$$0000000A  c_w.l(libshutdown2.o)
    0x0000030a   0x0000030a   0x00000000   Code   RO         2078    .ARM.Collect$$libshutdown$$0000000C  c_w.l(libshutdown2.o)
    0x0000030a   0x0000030a   0x00000000   Code   RO         2081    .ARM.Collect$$libshutdown$$0000000F  c_w.l(libshutdown2.o)
    0x0000030a   0x0000030a   0x00000002   Code   RO         2082    .ARM.Collect$$libshutdown$$00000010  c_w.l(libshutdown2.o)
    0x0000030c   0x0000030c   0x00000000   Code   RO         1949    .ARM.Collect$$rtentry$$00000000  c_w.l(__rtentry.o)
    0x0000030c   0x0000030c   0x00000000   Code   RO         1962    .ARM.Collect$$rtentry$$00000002  c_w.l(__rtentry2.o)
    0x0000030c   0x0000030c   0x00000006   Code   RO         1974    .ARM.Collect$$rtentry$$00000004  c_w.l(__rtentry4.o)
    0x00000312   0x00000312   0x00000000   Code   RO         1964    .ARM.Collect$$rtentry$$00000009  c_w.l(__rtentry2.o)
    0x00000312   0x00000312   0x00000004   Code   RO         1965    .ARM.Collect$$rtentry$$0000000A  c_w.l(__rtentry2.o)
    0x00000316   0x00000316   0x00000000   Code   RO         1967    .ARM.Collect$$rtentry$$0000000C  c_w.l(__rtentry2.o)
    0x00000316   0x00000316   0x00000008   Code   RO         1968    .ARM.Collect$$rtentry$$0000000D  c_w.l(__rtentry2.o)
    0x0000031e   0x0000031e   0x00000002   Code   RO         1989    .ARM.Collect$$rtexit$$00000000  c_w.l(rtexit.o)
    0x00000320   0x00000320   0x00000000   Code   RO         2037    .ARM.Collect$$rtexit$$00000002  c_w.l(rtexit2.o)
    0x00000320   0x00000320   0x00000004   Code   RO         2038    .ARM.Collect$$rtexit$$00000003  c_w.l(rtexit2.o)
    0x00000324   0x00000324   0x00000006   Code   RO         2039    .ARM.Collect$$rtexit$$00000004  c_w.l(rtexit2.o)
    0x0000032a   0x0000032a   0x00000002   PAD
    0x0000032c   0x0000032c   0x00000114   Code   RO          181  * .text               startup_tm4c123.o
    0x00000440   0x00000440   0x00000034   Code   RO          226    .text               cpu_a.o
    0x00000474   0x00000474   0x00000006   Code   RO         1915    .text               c_w.l(heapauxi.o)
    0x0000047a   0x0000047a   0x0000004a   Code   RO         1976    .text               c_w.l(sys_stackheap_outer.o)
    0x000004c4   0x000004c4   0x00000012   Code   RO         1978    .text               c_w.l(exit.o)
    0x000004d6   0x000004d6   0x00000002   PAD
    0x000004d8   0x000004d8   0x00000008   Code   RO         1986    .text               c_w.l(libspace.o)
    0x000004e0   0x000004e0   0x0000000c   Code   RO         2047    .text               c_w.l(sys_exit.o)
    0x000004ec   0x000004ec   0x00000002   Code   RO         2058    .text               c_w.l(use_no_semi.o)
    0x000004ee   0x000004ee   0x00000000   Code   RO         2060    .text               c_w.l(indicate_semi.o)
    0x000004ee   0x000004ee   0x00000002   PAD
    0x000004f0   0x000004f0   0x0000000c   Code   RO          163    CODE                cortex_m_port.o
    0x000004fc   0x000004fc   0x00000124   Code   RO          849    CODE                os_cpu_a.o
    0x00000620   0x00000620   0x000000ec   Code   RO            4    i.ADC_Initialize    app.o
    0x0000070c   0x0000070c   0x0000002c   Code   RO            5    i.ADC_ReadData      app.o
    0x00000738   0x00000738   0x00000020   Code   RO            6    i.Adc0Seq3TASK      app.o
    0x00000758   0x00000758   0x00000148   Code   RO            7    i.AppTaskStartTASK  app.o
    0x000008a0   0x000008a0   0x00000010   Code   RO            8    i.DCConverterMpptTASK  app.o
    0x000008b0   0x000008b0   0x000002b0   Code   RO            9    i.InverterPllTASK   app.o
    0x00000b60   0x00000b60   0x00000064   Code   RO           10    i.LowPassFilter     app.o
    0x00000bc4   0x00000bc4   0x00000002   Code   RO          937    i.OSCfg_Init        os_cfg_app.o
    0x00000bc6   0x00000bc6   0x00000002   PAD
    0x00000bc8   0x00000bc8   0x00000014   Code   RO          852    i.OSIdleTaskHook    os_cpu_c.o
    0x00000bdc   0x00000bdc   0x00000178   Code   RO          957    i.OSInit            os_core.o
    0x00000d54   0x00000d54   0x00000028   Code   RO          853    i.OSInitHook        os_cpu_c.o
    0x00000d7c   0x00000d7c   0x000000d8   Code   RO          959    i.OSIntExit         os_core.o
    0x00000e54   0x00000e54   0x00000060   Code   RO         1314    i.OSMutexCreate     os_mutex.o
    0x00000eb4   0x00000eb4   0x0000017c   Code   RO         1315    i.OSMutexPend       os_mutex.o
    0x00001030   0x00001030   0x0000014c   Code   RO         1316    i.OSMutexPost       os_mutex.o
    0x0000117c   0x0000117c   0x000000a0   Code   RO          960    i.OSSched           os_core.o
    0x0000121c   0x0000121c   0x0000005c   Code   RO          961    i.OSSchedLock       os_core.o
    0x00001278   0x00001278   0x00000064   Code   RO          962    i.OSSchedRoundRobinCfg  os_core.o
    0x000012dc   0x000012dc   0x000000a8   Code   RO          963    i.OSSchedRoundRobinYield  os_core.o
    0x00001384   0x00001384   0x0000007c   Code   RO          964    i.OSSchedUnlock     os_core.o
    0x00001400   0x00001400   0x0000009c   Code   RO          965    i.OSStart           os_core.o
    0x0000149c   0x0000149c   0x000000f4   Code   RO         1537    i.OSStatReset       os_stat.o
    0x00001590   0x00001590   0x00000014   Code   RO          854    i.OSStatTaskHook    os_cpu_c.o
    0x000015a4   0x000015a4   0x00000168   Code   RO         1568    i.OSTaskCreate      os_task.o
    0x0000170c   0x0000170c   0x00000018   Code   RO          855    i.OSTaskCreateHook  os_cpu_c.o
    0x00001724   0x00001724   0x00000018   Code   RO          857    i.OSTaskReturnHook  os_cpu_c.o
    0x0000173c   0x0000173c   0x00000110   Code   RO         1576    i.OSTaskSemPend     os_task.o
    0x0000184c   0x0000184c   0x00000022   Code   RO         1578    i.OSTaskSemPost     os_task.o
    0x0000186e   0x0000186e   0x00000002   PAD
    0x00001870   0x00001870   0x000000ac   Code   RO         1580    i.OSTaskStkChk      os_task.o
    0x0000191c   0x0000191c   0x000002c4   Code   RO          858    i.OSTaskStkInit     os_cpu_c.o
    0x00001be0   0x00001be0   0x00000090   Code   RO          859    i.OSTaskSwHook      os_cpu_c.o
    0x00001c70   0x00001c70   0x000000a0   Code   RO         1775    i.OSTimeDly         os_time.o
    0x00001d10   0x00001d10   0x00000070   Code   RO         1779    i.OSTimeTick        os_time.o
    0x00001d80   0x00001d80   0x00000014   Code   RO          860    i.OSTimeTickHook    os_cpu_c.o
    0x00001d94   0x00001d94   0x00000038   Code   RO          861    i.OS_CPU_SysTickHandler  os_cpu_c.o
    0x00001dcc   0x00001dcc   0x000001a8   Code   RO         1155    i.OS_Dbg_Init       os_dbg.o
    0x00001f74   0x00001f74   0x00000044   Code   RO          967    i.OS_IdleTask       os_core.o
    0x00001fb8   0x00001fb8   0x00000070   Code   RO          968    i.OS_IdleTaskInit   os_core.o
    0x00002028   0x00002028   0x00000018   Code   RO         1246    i.OS_MemInit        os_mem.o
    0x00002040   0x00002040   0x00000058   Code   RO         1278    i.OS_MsgPoolInit    os_msg.o
    0x00002098   0x00002098   0x0000000e   Code   RO         1281    i.OS_MsgQInit       os_msg.o
    0x000020a6   0x000020a6   0x00000002   PAD
    0x000020a8   0x000020a8   0x00000030   Code   RO         1318    i.OS_MutexDbgListAdd  os_mutex.o
    0x000020d8   0x000020d8   0x00000008   Code   RO         1320    i.OS_MutexGrpAdd    os_mutex.o
    0x000020e0   0x000020e0   0x0000002c   Code   RO         1322    i.OS_MutexGrpPrioFindHighest  os_mutex.o
    0x0000210c   0x0000210c   0x0000001c   Code   RO         1323    i.OS_MutexGrpRemove  os_mutex.o
    0x00002128   0x00002128   0x00000060   Code   RO          969    i.OS_Pend           os_core.o
    0x00002188   0x00002188   0x00000012   Code   RO          971    i.OS_PendDataInit   os_core.o
    0x0000219a   0x0000219a   0x00000002   PAD
    0x0000219c   0x0000219c   0x0000005c   Code   RO          972    i.OS_PendDbgNameAdd  os_core.o
    0x000021f8   0x000021f8   0x00000024   Code   RO          973    i.OS_PendDbgNameRemove  os_core.o
    0x0000221c   0x0000221c   0x00000038   Code   RO          974    i.OS_PendListChangePrio  os_core.o
    0x00002254   0x00002254   0x0000000a   Code   RO          975    i.OS_PendListInit   os_core.o
    0x0000225e   0x0000225e   0x00000066   Code   RO          976    i.OS_PendListInsertPrio  os_core.o
    0x000022c4   0x000022c4   0x00000032   Code   RO          977    i.OS_PendListRemove  os_core.o
    0x000022f6   0x000022f6   0x00000042   Code   RO          978    i.OS_PendListRemove1  os_core.o
    0x00002338   0x00002338   0x000000a4   Code   RO          980    i.OS_Post           os_core.o
    0x000023dc   0x000023dc   0x00000018   Code   RO         1386    i.OS_PrioGetHighest  os_prio.o
    0x000023f4   0x000023f4   0x00000018   Code   RO         1387    i.OS_PrioInit       os_prio.o
    0x0000240c   0x0000240c   0x00000024   Code   RO         1388    i.OS_PrioInsert     os_prio.o
    0x00002430   0x00002430   0x00000024   Code   RO         1389    i.OS_PrioRemove     os_prio.o
    0x00002454   0x00002454   0x00000024   Code   RO          981    i.OS_RdyListInit    os_core.o
    0x00002478   0x00002478   0x0000002c   Code   RO          982    i.OS_RdyListInsert  os_core.o
    0x000024a4   0x000024a4   0x00000040   Code   RO          983    i.OS_RdyListInsertHead  os_core.o
    0x000024e4   0x000024e4   0x0000003c   Code   RO          984    i.OS_RdyListInsertTail  os_core.o
    0x00002520   0x00002520   0x0000003e   Code   RO          985    i.OS_RdyListMoveHeadToTail  os_core.o
    0x0000255e   0x0000255e   0x00000002   PAD
    0x00002560   0x00002560   0x0000005c   Code   RO          986    i.OS_RdyListRemove  os_core.o
    0x000025bc   0x000025bc   0x000000d0   Code   RO          987    i.OS_SchedRoundRobin  os_core.o
    0x0000268c   0x0000268c   0x000002c0   Code   RO         1539    i.OS_StatTask       os_stat.o
    0x0000294c   0x0000294c   0x000000cc   Code   RO         1540    i.OS_StatTaskInit   os_stat.o
    0x00002a18   0x00002a18   0x0000002c   Code   RO          988    i.OS_TaskBlock      os_core.o
    0x00002a44   0x00002a44   0x000000ec   Code   RO         1583    i.OS_TaskChangePrio  os_task.o
    0x00002b30   0x00002b30   0x00000030   Code   RO         1584    i.OS_TaskDbgListAdd  os_task.o
    0x00002b60   0x00002b60   0x00000020   Code   RO         1586    i.OS_TaskInit       os_task.o
    0x00002b80   0x00002b80   0x000000b4   Code   RO         1587    i.OS_TaskInitTCB    os_task.o
    0x00002c34   0x00002c34   0x00000024   Code   RO         1590    i.OS_TaskReturn     os_task.o
    0x00002c58   0x00002c58   0x000001c4   Code   RO         1591    i.OS_TaskSemPost    os_task.o
    0x00002e1c   0x00002e1c   0x00000086   Code   RO         1729    i.OS_TickListInsert  os_tick.o
    0x00002ea2   0x00002ea2   0x00000002   PAD
    0x00002ea4   0x00002ea4   0x000000a8   Code   RO         1730    i.OS_TickListInsertDly  os_tick.o
    0x00002f4c   0x00002f4c   0x00000058   Code   RO         1731    i.OS_TickListRemove  os_tick.o
    0x00002fa4   0x00002fa4   0x00000094   Code   RO         1732    i.OS_TickListUpdateDly  os_tick.o
    0x00003038   0x00003038   0x00000108   Code   RO         1733    i.OS_TickListUpdateTimeout  os_tick.o
    0x00003140   0x00003140   0x00000054   Code   RO         1734    i.OS_TickTask       os_tick.o
    0x00003194   0x00003194   0x000000c8   Code   RO         1735    i.OS_TickTaskInit   os_tick.o
    0x0000325c   0x0000325c   0x0000012c   Code   RO         1820    i.OS_TmrInit        os_tmr.o
    0x00003388   0x00003388   0x00000018   Code   RO         1821    i.OS_TmrLock        os_tmr.o
    0x000033a0   0x000033a0   0x00000074   Code   RO         1822    i.OS_TmrTask        os_tmr.o
    0x00003414   0x00003414   0x00000044   Code   RO         1823    i.OS_TmrUnlink      os_tmr.o
    0x00003458   0x00003458   0x00000014   Code   RO         1824    i.OS_TmrUnlock      os_tmr.o
    0x0000346c   0x0000346c   0x00000128   Code   RO           11    i.PWMDutySetTASK    app.o
    0x00003594   0x00003594   0x00000148   Code   RO           12    i.PWM_Initialize    app.o
    0x000036dc   0x000036dc   0x00000098   Code   RO          189    i.SystemInit        system_tm4c123.o
    0x00003774   0x00003774   0x00000012   Code   RO           13    i.ZeroCrossDetector  app.o
    0x00003786   0x00003786   0x00000002   PAD
    0x00003788   0x00003788   0x00000074   Code   RO           14    i.main              app.o
    0x000037fc   0x000037fc   0x00000062   Code   RO         1919    x$fpl$d2f           fz_wm.l(d2f.o)
    0x0000385e   0x0000385e   0x00000002   PAD
    0x00003860   0x00003860   0x00000150   Code   RO         1921    x$fpl$dadd          fz_wm.l(daddsub_clz.o)
    0x000039b0   0x000039b0   0x00000018   Code   RO         1950    x$fpl$dcmpinf       fz_wm.l(dcmpi.o)
    0x000039c8   0x000039c8   0x000002b0   Code   RO         1928    x$fpl$ddiv          fz_wm.l(ddiv.o)
    0x00003c78   0x00003c78   0x0000005a   Code   RO         1931    x$fpl$dfixu         fz_wm.l(dfixu.o)
    0x00003cd2   0x00003cd2   0x00000026   Code   RO         1935    x$fpl$dfltu         fz_wm.l(dflt_clz.o)
    0x00003cf8   0x00003cf8   0x00000078   Code   RO         1941    x$fpl$dleqf         fz_wm.l(dleqf.o)
    0x00003d70   0x00003d70   0x00000154   Code   RO         1943    x$fpl$dmul          fz_wm.l(dmul.o)
    0x00003ec4   0x00003ec4   0x0000009c   Code   RO         1952    x$fpl$dnaninf       fz_wm.l(dnaninf.o)
    0x00003f60   0x00003f60   0x0000000c   Code   RO         1954    x$fpl$dretinf       fz_wm.l(dretinf.o)
    0x00003f6c   0x00003f6c   0x0000006c   Code   RO         1945    x$fpl$drleqf        fz_wm.l(drleqf.o)
    0x00003fd8   0x00003fd8   0x00000016   Code   RO         1922    x$fpl$drsb          fz_wm.l(daddsub_clz.o)
    0x00003fee   0x00003fee   0x00000002   PAD
    0x00003ff0   0x00003ff0   0x000001d4   Code   RO         1923    x$fpl$dsub          fz_wm.l(daddsub_clz.o)
    0x000041c4   0x000041c4   0x00000056   Code   RO         1947    x$fpl$f2d           fz_wm.l(f2d.o)
    0x0000421a   0x0000421a   0x0000008c   Code   RO         1956    x$fpl$fnaninf       fz_wm.l(fnaninf.o)
    0x000042a6   0x000042a6   0x0000000a   Code   RO         2045    x$fpl$fpinit        fz_wm.l(fpinit.o)
    0x000042b0   0x000042b0   0x0000000a   Code   RO         1958    x$fpl$fretinf       fz_wm.l(fretinf.o)
    0x000042ba   0x000042ba   0x00000000   Code   RO         1960    x$fpl$usenofp       fz_wm.l(usenofp.o)
    0x000042ba   0x000042ba   0x00000002   PAD
    0x000042bc   0x000042bc   0x00000094   Data   RO          939    .constdata          os_cfg_app.o
    0x00004350   0x00004350   0x00000160   Data   RO         1156    .constdata          os_dbg.o
    0x000044b0   0x000044b0   0x00000020   Data   RO         2113    Region$$Table       anon$$obj.o


    Execution Region ER_RW (Exec base: 0x20000000, Load base: 0x000044d0, Size: 0x00000148, Max: 0xffffffff, ABSOLUTE, COMPRESSED[0x00000010])

    Exec Addr    Load Addr    Size         Type   Attr      Idx    E Section Name        Object

    0x20000000   COMPRESSED   0x00000094   Data   RW           16    .data               app.o
    0x20000094   COMPRESSED   0x00000004   Data   RW          863    .data               os_cpu_c.o
    0x20000098   COMPRESSED   0x00000004   Data   RW         1390    .data               os_prio.o
    0x2000009c   COMPRESSED   0x000000ac   Data   RW         1900    .data               os_var.o


    Execution Region ER_ZI (Exec base: 0x20000148, Load base: 0x000044e0, Size: 0x00003d88, Max: 0xffffffff, ABSOLUTE)

    Exec Addr    Load Addr    Size         Type   Attr      Idx    E Section Name        Object

    0x20000148        -       0x00000dc0   Zero   RW           15    .bss                app.o
    0x20000f08        -       0x000028b0   Zero   RW          938    .bss                os_cfg_app.o
    0x200037b8        -       0x000004b8   Zero   RW         1899    .bss                os_var.o
    0x20003c70        -       0x00000060   Zero   RW         1987    .bss                c_w.l(libspace.o)
    0x20003cd0        -       0x00000000   Zero   RW          179    HEAP                startup_tm4c123.o
    0x20003cd0        -       0x00000200   Zero   RW          178    STACK               startup_tm4c123.o


==============================================================================

Image component sizes


      Code (inc. data)   RO Data    RW Data    ZI Data      Debug   Object Name

      2202        362          0        148       3520      42366   app.o
        12          0          0          0          0        300   cortex_m_port.o
        52          0          0          0          0        520   cpu_a.o
         2          0        148          0      10416      20870   os_cfg_app.o
      2872        410          0          0          0      22179   os_core.o
       292         12          0          0          0        616   os_cpu_a.o
      1056        158          0          4          0      27905   os_cpu_c.o
       424        278        352          0          0       5069   os_dbg.o
        24         10          0          0          0       1189   os_mem.o
       102         12          0          0          0       1987   os_msg.o
       936         36          0          0          0       6519   os_mutex.o
       120         20          0          4          0       3410   os_prio.o
      1152        142          0          0          0       3506   os_stat.o
      1822        106          0          0          0       9970   os_task.o
      1086         86          0          0          0       6591   os_tick.o
       272         40          0          0          0       2081   os_time.o
       528        134          0          0          0       4009   os_tmr.o
         0          0          0        172       1208      19263   os_var.o
       276         24        620          0        512       5520   startup_tm4c123.o
       152         40          0          0          0        665   system_tm4c123.o

    ----------------------------------------------------------------------
     13396       1870       1152        328      15656     184535   Object Totals
         0          0         32          0          0          0   (incl. Generated)
        14          0          0          0          0          0   (incl. Padding)

    ----------------------------------------------------------------------

      Code (inc. data)   RO Data    RW Data    ZI Data      Debug   Library Member Name

        58          0          0          0          0          0   __dczerorl.o
         8          0          0          0          0         68   __main.o
         0          0          0          0          0          0   __rtentry.o
        12          0          0          0          0          0   __rtentry2.o
         6          0          0          0          0          0   __rtentry4.o
        52          8          0          0          0          0   __scatter.o
        28          0          0          0          0          0   __scatter_zi.o
        18          0          0          0          0         80   exit.o
         6          0          0          0          0        152   heapauxi.o
         0          0          0          0          0          0   indicate_semi.o
         2          0          0          0          0          0   libinit.o
         6          0          0          0          0          0   libinit2.o
         2          0          0          0          0          0   libshutdown.o
         2          0          0          0          0          0   libshutdown2.o
         8          4          0          0         96         68   libspace.o
         2          0          0          0          0          0   rtexit.o
        10          0          0          0          0          0   rtexit2.o
        12          4          0          0          0         68   sys_exit.o
        74          0          0          0          0         80   sys_stackheap_outer.o
         2          0          0          0          0         68   use_no_semi.o
        98          4          0          0          0        140   d2f.o
       826         16          0          0          0        492   daddsub_clz.o
        24          0          0          0          0        116   dcmpi.o
       688        140          0          0          0        256   ddiv.o
        90          4          0          0          0        140   dfixu.o
        38          0          0          0          0        116   dflt_clz.o
       120          4          0          0          0        140   dleqf.o
       340         12          0          0          0        152   dmul.o
       156          4          0          0          0        140   dnaninf.o
        12          0          0          0          0        116   dretinf.o
       108          0          0          0          0        128   drleqf.o
        86          4          0          0          0        132   f2d.o
       140          4          0          0          0        132   fnaninf.o
        10          0          0          0          0        116   fpinit.o
        10          0          0          0          0        116   fretinf.o
         0          0          0          0          0          0   usenofp.o

    ----------------------------------------------------------------------
      3068        208          0          0         96       3016   Library Totals
        14          0          0          0          0          0   (incl. Padding)

    ----------------------------------------------------------------------

      Code (inc. data)   RO Data    RW Data    ZI Data      Debug   Library Name

       308         16          0          0         96        584   c_w.l
      2746        192          0          0          0       2432   fz_wm.l

    ----------------------------------------------------------------------
      3068        208          0          0         96       3016   Library Totals

    ----------------------------------------------------------------------

==============================================================================


      Code (inc. data)   RO Data    RW Data    ZI Data      Debug   

     16464       2078       1152        328      15752     177095   Grand Totals
     16464       2078       1152         16      15752     177095   ELF Image Totals (compressed)
     16464       2078       1152         16          0          0   ROM Totals

==============================================================================

    Total RO  Size (Code + RO Data)                17616 (  17.20kB)
    Total RW  Size (RW Data + ZI Data)             16080 (  15.70kB)
    Total ROM Size (Code + RO Data + RW Data)      17632 (  17.22kB)

==============================================================================

